../Core/Src/main.c:137:20:Jaw_Set	1
../Core/Src/main.c:138:20:Wrist_Set	1
../Core/Src/main.c:141:24:Deg_To_Us	1
../Core/Src/main.c:149:5:main	2
../Core/Src/main.c:265:6:SystemClock_Config	3
../Core/Src/main.c:312:13:MX_I2C2_Init	4
../Core/Src/main.c:360:13:MX_TIM1_Init	5
../Core/Src/main.c:432:13:MX_TIM2_Init	4
../Core/Src/main.c:481:13:MX_TIM3_Init	4
../Core/Src/main.c:530:13:MX_TIM4_Init	4
../Core/Src/main.c:579:13:MX_TIM15_Init	5
../Core/Src/main.c:645:13:MX_TIM16_Init	5
../Core/Src/main.c:708:13:MX_USART1_UART_Init	5
../Core/Src/main.c:756:13:MX_GPIO_Init	1
../Core/Src/main.c:778:6:HAL_UART_RxCpltCallback	10
../Core/Src/main.c:829:13:Servo_Run	8
../Core/Src/main.c:858:6:JawTask	1
../Core/Src/main.c:865:6:WristTask	1
../Core/Src/main.c:875:6:HAL_UART_ErrorCallback	2
../Core/Src/main.c:892:6:StartDefaultTask	7
../Core/Src/main.c:937:6:HAL_TIM_PeriodElapsedCallback	2
../Core/Src/main.c:955:6:Error_Handler	1
