../Core/Src/main.c:137:20:Jaw_Set	16	static
../Core/Src/main.c:138:20:Wrist_Set	16	static
../Core/Src/main.c:141:24:Deg_To_Us	16	static
../Core/Src/main.c:149:5:main	8	static
../Core/Src/main.c:265:6:SystemClock_Config	88	static
../Core/Src/main.c:312:13:MX_I2C2_Init	8	static
../Core/Src/main.c:360:13:MX_TIM1_Init	104	static
../Core/Src/main.c:432:13:MX_TIM2_Init	48	static
../Core/Src/main.c:481:13:MX_TIM3_Init	48	static
../Core/Src/main.c:530:13:MX_TIM4_Init	48	static
../Core/Src/main.c:579:13:MX_TIM15_Init	104	static
../Core/Src/main.c:645:13:MX_TIM16_Init	88	static
../Core/Src/main.c:708:13:MX_USART1_UART_Init	8	static
../Core/Src/main.c:756:13:MX_GPIO_Init	24	static
../Core/Src/main.c:778:6:HAL_UART_RxCpltCallback	24	static
../Core/Src/main.c:829:13:Servo_Run	40	static
../Core/Src/main.c:858:6:JawTask	32	static
../Core/Src/main.c:865:6:WristTask	32	static
../Core/Src/main.c:875:6:HAL_UART_ErrorCallback	16	static
../Core/Src/main.c:892:6:StartDefaultTask	24	static
../Core/Src/main.c:937:6:HAL_TIM_PeriodElapsedCallback	16	static
../Core/Src/main.c:955:6:Error_Handler	4	static,ignoring_inline_asm
