../Core/Src/main.c:90:5:main	4
../Core/Src/main.c:170:6:SystemClock_Config	3
../Core/Src/main.c:217:13:MX_I2C2_Init	4
../Core/Src/main.c:265:13:MX_TIM1_Init	5
../Core/Src/main.c:337:13:MX_TIM2_Init	4
../Core/Src/main.c:386:13:MX_TIM3_Init	4
../Core/Src/main.c:435:13:MX_TIM4_Init	4
../Core/Src/main.c:484:13:MX_TIM15_Init	5
../Core/Src/main.c:550:13:MX_TIM16_Init	5
../Core/Src/main.c:613:13:MX_USART1_UART_Init	5
../Core/Src/main.c:661:13:MX_GPIO_Init	1
../Core/Src/main.c:683:6:HAL_UART_RxCpltCallback	8
../Core/Src/main.c:708:6:HAL_UART_ErrorCallback	2
../Core/Src/main.c:722:6:Error_Handler	1
