../Core/Src/main.c:97:20:Jaw_Set	16	static
../Core/Src/main.c:98:20:Wrist_Set	16	static
../Core/Src/main.c:105:5:main	16	static
../Core/Src/main.c:207:6:SystemClock_Config	88	static
../Core/Src/main.c:254:13:MX_I2C2_Init	8	static
../Core/Src/main.c:302:13:MX_TIM1_Init	104	static
../Core/Src/main.c:374:13:MX_TIM2_Init	48	static
../Core/Src/main.c:423:13:MX_TIM3_Init	48	static
../Core/Src/main.c:472:13:MX_TIM4_Init	48	static
../Core/Src/main.c:521:13:MX_TIM15_Init	104	static
../Core/Src/main.c:587:13:MX_TIM16_Init	88	static
../Core/Src/main.c:650:13:MX_USART1_UART_Init	8	static
../Core/Src/main.c:698:13:MX_GPIO_Init	24	static
../Core/Src/main.c:720:6:HAL_UART_RxCpltCallback	16	static
../Core/Src/main.c:748:6:HAL_UART_ErrorCallback	16	static
../Core/Src/main.c:762:6:Error_Handler	4	static,ignoring_inline_asm
