../Core/Src/main.c:147:20:Jaw_Set	16	static
../Core/Src/main.c:148:20:Wrist_Set	16	static
../Core/Src/main.c:150:20:Elbow_Set	16	static
../Core/Src/main.c:153:24:Deg_To_Us	16	static
../Core/Src/main.c:161:5:main	8	static
../Core/Src/main.c:281:6:SystemClock_Config	88	static
../Core/Src/main.c:328:13:MX_I2C2_Init	8	static
../Core/Src/main.c:376:13:MX_TIM1_Init	104	static
../Core/Src/main.c:448:13:MX_TIM2_Init	48	static
../Core/Src/main.c:497:13:MX_TIM3_Init	48	static
../Core/Src/main.c:546:13:MX_TIM4_Init	48	static
../Core/Src/main.c:595:13:MX_TIM15_Init	104	static
../Core/Src/main.c:661:13:MX_TIM16_Init	88	static
../Core/Src/main.c:724:13:MX_USART1_UART_Init	8	static
../Core/Src/main.c:772:13:MX_GPIO_Init	24	static
../Core/Src/main.c:794:6:HAL_UART_RxCpltCallback	24	static
../Core/Src/main.c:852:13:Servo_Run	40	static
../Core/Src/main.c:881:6:JawTask	32	static
../Core/Src/main.c:888:6:WristTask	32	static
../Core/Src/main.c:895:6:ElbowTask	32	static
../Core/Src/main.c:905:6:HAL_UART_ErrorCallback	16	static
../Core/Src/main.c:922:6:StartDefaultTask	24	static
../Core/Src/main.c:967:6:HAL_TIM_PeriodElapsedCallback	16	static
../Core/Src/main.c:985:6:Error_Handler	4	static,ignoring_inline_asm
