Archive member included to satisfy reference by file (symbol)

D:/Users/mehme/ST/STM32CubeIDE_2.1.1/STM32CubeIDE/plugins/com.st.stm32cube.ide.mcu.externaltools.gnu-tools-for-stm32.14.3.rel1.win32_1.0.100.202602081740/tools/bin/../lib/gcc/arm-none-eabi/14.3.1/../../../../arm-none-eabi/lib/thumb/v7e-m+fp/hard\libc_nano.a(libc_a-exit.o)
                              D:/Users/mehme/ST/STM32CubeIDE_2.1.1/STM32CubeIDE/plugins/com.st.stm32cube.ide.mcu.externaltools.gnu-tools-for-stm32.14.3.rel1.win32_1.0.100.202602081740/tools/bin/../lib/gcc/arm-none-eabi/14.3.1/../../../../arm-none-eabi/lib/thumb/v7e-m+fp/hard/crt0.o (exit)
D:/Users/mehme/ST/STM32CubeIDE_2.1.1/STM32CubeIDE/plugins/com.st.stm32cube.ide.mcu.externaltools.gnu-tools-for-stm32.14.3.rel1.win32_1.0.100.202602081740/tools/bin/../lib/gcc/arm-none-eabi/14.3.1/../../../../arm-none-eabi/lib/thumb/v7e-m+fp/hard\libc_nano.a(libc_a-findfp.o)
                              D:/Users/mehme/ST/STM32CubeIDE_2.1.1/STM32CubeIDE/plugins/com.st.stm32cube.ide.mcu.externaltools.gnu-tools-for-stm32.14.3.rel1.win32_1.0.100.202602081740/tools/bin/../lib/gcc/arm-none-eabi/14.3.1/../../../../arm-none-eabi/lib/thumb/v7e-m+fp/hard\libc_nano.a(libc_a-exit.o) (__stdio_exit_handler)
D:/Users/mehme/ST/STM32CubeIDE_2.1.1/STM32CubeIDE/plugins/com.st.stm32cube.ide.mcu.externaltools.gnu-tools-for-stm32.14.3.rel1.win32_1.0.100.202602081740/tools/bin/../lib/gcc/arm-none-eabi/14.3.1/../../../../arm-none-eabi/lib/thumb/v7e-m+fp/hard\libc_nano.a(libc_a-fwalk.o)
                              D:/Users/mehme/ST/STM32CubeIDE_2.1.1/STM32CubeIDE/plugins/com.st.stm32cube.ide.mcu.externaltools.gnu-tools-for-stm32.14.3.rel1.win32_1.0.100.202602081740/tools/bin/../lib/gcc/arm-none-eabi/14.3.1/../../../../arm-none-eabi/lib/thumb/v7e-m+fp/hard\libc_nano.a(libc_a-findfp.o) (_fwalk_sglue)
D:/Users/mehme/ST/STM32CubeIDE_2.1.1/STM32CubeIDE/plugins/com.st.stm32cube.ide.mcu.externaltools.gnu-tools-for-stm32.14.3.rel1.win32_1.0.100.202602081740/tools/bin/../lib/gcc/arm-none-eabi/14.3.1/../../../../arm-none-eabi/lib/thumb/v7e-m+fp/hard\libc_nano.a(libc_a-stdio.o)
                              D:/Users/mehme/ST/STM32CubeIDE_2.1.1/STM32CubeIDE/plugins/com.st.stm32cube.ide.mcu.externaltools.gnu-tools-for-stm32.14.3.rel1.win32_1.0.100.202602081740/tools/bin/../lib/gcc/arm-none-eabi/14.3.1/../../../../arm-none-eabi/lib/thumb/v7e-m+fp/hard\libc_nano.a(libc_a-findfp.o) (__sread)
D:/Users/mehme/ST/STM32CubeIDE_2.1.1/STM32CubeIDE/plugins/com.st.stm32cube.ide.mcu.externaltools.gnu-tools-for-stm32.14.3.rel1.win32_1.0.100.202602081740/tools/bin/../lib/gcc/arm-none-eabi/14.3.1/../../../../arm-none-eabi/lib/thumb/v7e-m+fp/hard\libc_nano.a(libc_a-memset.o)
                              D:/Users/mehme/ST/STM32CubeIDE_2.1.1/STM32CubeIDE/plugins/com.st.stm32cube.ide.mcu.externaltools.gnu-tools-for-stm32.14.3.rel1.win32_1.0.100.202602081740/tools/bin/../lib/gcc/arm-none-eabi/14.3.1/../../../../arm-none-eabi/lib/thumb/v7e-m+fp/hard/crt0.o (memset)
D:/Users/mehme/ST/STM32CubeIDE_2.1.1/STM32CubeIDE/plugins/com.st.stm32cube.ide.mcu.externaltools.gnu-tools-for-stm32.14.3.rel1.win32_1.0.100.202602081740/tools/bin/../lib/gcc/arm-none-eabi/14.3.1/../../../../arm-none-eabi/lib/thumb/v7e-m+fp/hard\libc_nano.a(libc_a-closer.o)
                              D:/Users/mehme/ST/STM32CubeIDE_2.1.1/STM32CubeIDE/plugins/com.st.stm32cube.ide.mcu.externaltools.gnu-tools-for-stm32.14.3.rel1.win32_1.0.100.202602081740/tools/bin/../lib/gcc/arm-none-eabi/14.3.1/../../../../arm-none-eabi/lib/thumb/v7e-m+fp/hard\libc_nano.a(libc_a-stdio.o) (_close_r)
D:/Users/mehme/ST/STM32CubeIDE_2.1.1/STM32CubeIDE/plugins/com.st.stm32cube.ide.mcu.externaltools.gnu-tools-for-stm32.14.3.rel1.win32_1.0.100.202602081740/tools/bin/../lib/gcc/arm-none-eabi/14.3.1/../../../../arm-none-eabi/lib/thumb/v7e-m+fp/hard\libc_nano.a(libc_a-reent.o)
                              D:/Users/mehme/ST/STM32CubeIDE_2.1.1/STM32CubeIDE/plugins/com.st.stm32cube.ide.mcu.externaltools.gnu-tools-for-stm32.14.3.rel1.win32_1.0.100.202602081740/tools/bin/../lib/gcc/arm-none-eabi/14.3.1/../../../../arm-none-eabi/lib/thumb/v7e-m+fp/hard\libc_nano.a(libc_a-closer.o) (errno)
D:/Users/mehme/ST/STM32CubeIDE_2.1.1/STM32CubeIDE/plugins/com.st.stm32cube.ide.mcu.externaltools.gnu-tools-for-stm32.14.3.rel1.win32_1.0.100.202602081740/tools/bin/../lib/gcc/arm-none-eabi/14.3.1/../../../../arm-none-eabi/lib/thumb/v7e-m+fp/hard\libc_nano.a(libc_a-impure.o)
                              D:/Users/mehme/ST/STM32CubeIDE_2.1.1/STM32CubeIDE/plugins/com.st.stm32cube.ide.mcu.externaltools.gnu-tools-for-stm32.14.3.rel1.win32_1.0.100.202602081740/tools/bin/../lib/gcc/arm-none-eabi/14.3.1/../../../../arm-none-eabi/lib/thumb/v7e-m+fp/hard\libc_nano.a(libc_a-reent.o) (_impure_ptr)
[...]
Memory Configuration

Name             Origin             Length             Attributes
RAM              0x20000000         0x00008000         xrw
FLASH            0x08000000         0x00020000         xr
*default*        0x00000000         0xffffffff

Linker script and memory map

LOAD D:/Users/mehme/ST/STM32CubeIDE_2.1.1/STM32CubeIDE/plugins/com.st.stm32cube.ide.mcu.externaltools.gnu-tools-for-stm32.14.3.rel1.win32_1.0.100.202602081740/tools/bin/../lib/gcc/arm-none-eabi/14.3.1/thumb/v7e-m+fp/hard/crti.o
LOAD D:/Users/mehme/ST/STM32CubeIDE_2.1.1/STM32CubeIDE/plugins/com.st.stm32cube.ide.mcu.externaltools.gnu-tools-for-stm32.14.3.rel1.win32_1.0.100.202602081740/tools/bin/../lib/gcc/arm-none-eabi/14.3.1/thumb/v7e-m+fp/hard/crtbegin.o
LOAD D:/Users/mehme/ST/STM32CubeIDE_2.1.1/STM32CubeIDE/plugins/com.st.stm32cube.ide.mcu.externaltools.gnu-tools-for-stm32.14.3.rel1.win32_1.0.100.202602081740/tools/bin/../lib/gcc/arm-none-eabi/14.3.1/../../../../arm-none-eabi/lib/thumb/v7e-m+fp/hard/crt0.o
LOAD ./Core/Src/app_freertos.o
LOAD ./Core/Src/main.o
LOAD ./Core/Src/stm32g4xx_hal_msp.o
LOAD ./Core/Src/stm32g4xx_hal_timebase_tim.o
LOAD ./Core/Src/stm32g4xx_it.o
LOAD ./Core/Src/syscalls.o
LOAD ./Core/Src/sysmem.o
LOAD ./Core/Src/system_stm32g4xx.o
LOAD ./Core/Startup/startup_stm32g431rbtx.o
LOAD ./Drivers/BSP/STM32G4xx_Nucleo/stm32g4xx_nucleo.o
LOAD ./Drivers/STM32G4xx_HAL_Driver/Src/stm32g4xx_hal.o
LOAD ./Drivers/STM32G4xx_HAL_Driver/Src/stm32g4xx_hal_cortex.o
LOAD ./Drivers/STM32G4xx_HAL_Driver/Src/stm32g4xx_hal_dma.o
LOAD ./Drivers/STM32G4xx_HAL_Driver/Src/stm32g4xx_hal_dma_ex.o
LOAD ./Drivers/STM32G4xx_HAL_Driver/Src/stm32g4xx_hal_exti.o
LOAD ./Drivers/STM32G4xx_HAL_Driver/Src/stm32g4xx_hal_flash.o
LOAD ./Drivers/STM32G4xx_HAL_Driver/Src/stm32g4xx_hal_flash_ex.o
LOAD ./Drivers/STM32G4xx_HAL_Driver/Src/stm32g4xx_hal_flash_ramfunc.o
LOAD ./Drivers/STM32G4xx_HAL_Driver/Src/stm32g4xx_hal_gpio.o
LOAD ./Drivers/STM32G4xx_HAL_Driver/Src/stm32g4xx_hal_i2c.o
LOAD ./Drivers/STM32G4xx_HAL_Driver/Src/stm32g4xx_hal_i2c_ex.o
LOAD ./Drivers/STM32G4xx_HAL_Driver/Src/stm32g4xx_hal_pwr.o
LOAD ./Drivers/STM32G4xx_HAL_Driver/Src/stm32g4xx_hal_pwr_ex.o
LOAD ./Drivers/STM32G4xx_HAL_Driver/Src/stm32g4xx_hal_rcc.o
LOAD ./Drivers/STM32G4xx_HAL_Driver/Src/stm32g4xx_hal_rcc_ex.o
LOAD ./Drivers/STM32G4xx_HAL_Driver/Src/stm32g4xx_hal_tim.o
LOAD ./Drivers/STM32G4xx_HAL_Driver/Src/stm32g4xx_hal_tim_ex.o
LOAD ./Drivers/STM32G4xx_HAL_Driver/Src/stm32g4xx_hal_uart.o
LOAD ./Drivers/STM32G4xx_HAL_Driver/Src/stm32g4xx_hal_uart_ex.o
LOAD ./Drivers/STM32G4xx_HAL_Driver/Src/stm32g4xx_hal_usart.o
LOAD ./Drivers/STM32G4xx_HAL_Driver/Src/stm32g4xx_hal_usart_ex.o
LOAD ./Middlewares/Third_Party/FreeRTOS/Source/CMSIS_RTOS_V2/cmsis_os2.o
LOAD ./Middlewares/Third_Party/FreeRTOS/Source/croutine.o
LOAD ./Middlewares/Third_Party/FreeRTOS/Source/event_groups.o
LOAD ./Middlewares/Third_Party/FreeRTOS/Source/list.o
LOAD ./Middlewares/Third_Party/FreeRTOS/Source/queue.o
LOAD ./Middlewares/Third_Party/FreeRTOS/Source/stream_buffer.o
LOAD ./Middlewares/Third_Party/FreeRTOS/Source/tasks.o
LOAD ./Middlewares/Third_Party/FreeRTOS/Source/timers.o
LOAD ./Middlewares/Third_Party/FreeRTOS/Source/portable/GCC/ARM_CM4F/port.o
LOAD ./Middlewares/Third_Party/FreeRTOS/Source/portable/MemMang/heap_4.o
START GROUP
LOAD D:/Users/mehme/ST/STM32CubeIDE_2.1.1/STM32CubeIDE/plugins/com.st.stm32cube.ide.mcu.externaltools.gnu-tools-for-stm32.14.3.rel1.win32_1.0.100.202602081740/tools/bin/../lib/gcc/arm-none-eabi/14.3.1/../../../../arm-none-eabi/lib/thumb/v7e-m+fp/hard\libc_nano.a
LOAD D:/Users/mehme/ST/STM32CubeIDE_2.1.1/STM32CubeIDE/plugins/com.st.stm32cube.ide.mcu.externaltools.gnu-tools-for-stm32.14.3.rel1.win32_1.0.100.202602081740/tools/bin/../lib/gcc/arm-none-eabi/14.3.1/../../../../arm-none-eabi/lib/thumb/v7e-m+fp/hard\libm.a
END GROUP
START GROUP
LOAD D:/Users/mehme/ST/STM32CubeIDE_2.1.1/STM32CubeIDE/plugins/com.st.stm32cube.ide.mcu.externaltools.gnu-tools-for-stm32.14.3.rel1.win32_1.0.100.202602081740/tools/bin/../lib/gcc/arm-none-eabi/14.3.1/thumb/v7e-m+fp/hard\libgcc.a
LOAD D:/Users/mehme/ST/STM32CubeIDE_2.1.1/STM32CubeIDE/plugins/com.st.stm32cube.ide.mcu.externaltools.gnu-tools-for-stm32.14.3.rel1.win32_1.0.100.202602081740/tools/bin/../lib/gcc/arm-none-eabi/14.3.1/../../../../arm-none-eabi/lib/thumb/v7e-m+fp/hard\libc_nano.a
END GROUP
START GROUP
LOAD D:/Users/mehme/ST/STM32CubeIDE_2.1.1/STM32CubeIDE/plugins/com.st.stm32cube.ide.mcu.externaltools.gnu-tools-for-stm32.14.3.rel1.win32_1.0.100.202602081740/tools/bin/../lib/gcc/arm-none-eabi/14.3.1/thumb/v7e-m+fp/hard\libgcc.a
LOAD D:/Users/mehme/ST/STM32CubeIDE_2.1.1/STM32CubeIDE/plugins/com.st.stm32cube.ide.mcu.externaltools.gnu-tools-for-stm32.14.3.rel1.win32_1.0.100.202602081740/tools/bin/../lib/gcc/arm-none-eabi/14.3.1/../../../../arm-none-eabi/lib/thumb/v7e-m+fp/hard\libc_nano.a
LOAD D:/Users/mehme/ST/STM32CubeIDE_2.1.1/STM32CubeIDE/plugins/com.st.stm32cube.ide.mcu.externaltools.gnu-tools-for-stm32.14.3.rel1.win32_1.0.100.202602081740/tools/bin/../lib/gcc/arm-none-eabi/14.3.1/../../../../arm-none-eabi/lib/thumb/v7e-m+fp/hard\libnosys.a
END GROUP
START GROUP
LOAD D:/Users/mehme/ST/STM32CubeIDE_2.1.1/STM32CubeIDE/plugins/com.st.stm32cube.ide.mcu.externaltools.gnu-tools-for-stm32.14.3.rel1.win32_1.0.100.202602081740/tools/bin/../lib/gcc/arm-none-eabi/14.3.1/thumb/v7e-m+fp/hard\libgcc.a
LOAD D:/Users/mehme/ST/STM32CubeIDE_2.1.1/STM32CubeIDE/plugins/com.st.stm32cube.ide.mcu.externaltools.gnu-tools-for-stm32.14.3.rel1.win32_1.0.100.202602081740/tools/bin/../lib/gcc/arm-none-eabi/14.3.1/../../../../arm-none-eabi/lib/thumb/v7e-m+fp/hard\libc_nano.a
LOAD D:/Users/mehme/ST/STM32CubeIDE_2.1.1/STM32CubeIDE/plugins/com.st.stm32cube.ide.mcu.externaltools.gnu-tools-for-stm32.14.3.rel1.win32_1.0.100.202602081740/tools/bin/../lib/gcc/arm-none-eabi/14.3.1/../../../../arm-none-eabi/lib/thumb/v7e-m+fp/hard\libnosys.a
END GROUP
LOAD D:/Users/mehme/ST/STM32CubeIDE_2.1.1/STM32CubeIDE/plugins/com.st.stm32cube.ide.mcu.externaltools.gnu-tools-for-stm32.14.3.rel1.win32_1.0.100.202602081740/tools/bin/../lib/gcc/arm-none-eabi/14.3.1/thumb/v7e-m+fp/hard/crtend.o
LOAD D:/Users/mehme/ST/STM32CubeIDE_2.1.1/STM32CubeIDE/plugins/com.st.stm32cube.ide.mcu.externaltools.gnu-tools-for-stm32.14.3.rel1.win32_1.0.100.202602081740/tools/bin/../lib/gcc/arm-none-eabi/14.3.1/thumb/v7e-m+fp/hard/crtn.o
                0x20008000                        _estack = (ORIGIN (RAM) + LENGTH (RAM))
                0x00000200                        _Min_Heap_Size = 0x200
                0x00000400                        _Min_Stack_Size = 0x400

.isr_vector     0x08000000      0x1d8
                0x08000000                        . = ALIGN (0x4)
 *(.isr_vector)
 .isr_vector    0x08000000      0x1d8 ./Core/Startup/startup_stm32g431rbtx.o
                0x08000000                g_pfnVectors
                0x080001d8                        . = ALIGN (0x4)

.text           0x080001e0     0x9d84
                0x080001e0                        . = ALIGN (0x4)
 *(.text)
 .text          0x080001e0       0x40 D:/Users/mehme/ST/STM32CubeIDE_2.1.1/STM32CubeIDE/plugins/com.st.stm32cube.ide.mcu.externaltools.gnu-tools-for-stm32.14.3.rel1.win32_1.0.100.202602081740/tools/bin/../lib/gcc/arm-none-eabi/14.3.1/thumb/v7e-m+fp/hard/crtbegin.o
 .text          0x08000220       0x30 D:/Users/mehme/ST/STM32CubeIDE_2.1.1/STM32CubeIDE/plugins/com.st.stm32cube.ide.mcu.externaltools.gnu-tools-for-stm32.14.3.rel1.win32_1.0.100.202602081740/tools/bin/../lib/gcc/arm-none-eabi/14.3.1/thumb/v7e-m+fp/hard\libgcc.a(_aeabi_uldivmod.o)
                0x08000220                __aeabi_uldivmod
 .text          0x08000250      0x2f8 D:/Users/mehme/ST/STM32CubeIDE_2.1.1/STM32CubeIDE/plugins/com.st.stm32cube.ide.mcu.externaltools.gnu-tools-for-stm32.14.3.rel1.win32_1.0.100.202602081740/tools/bin/../lib/gcc/arm-none-eabi/14.3.1/thumb/v7e-m+fp/hard\libgcc.a(_udivmoddi4.o)
                0x08000250                __udivmoddi4
 .text          0x08000548        0x4 D:/Users/mehme/ST/STM32CubeIDE_2.1.1/STM32CubeIDE/plugins/com.st.stm32cube.ide.mcu.externaltools.gnu-tools-for-stm32.14.3.rel1.win32_1.0.100.202602081740/tools/bin/../lib/gcc/arm-none-eabi/14.3.1/thumb/v7e-m+fp/hard\libgcc.a(_dvmd_tls.o)
                0x08000548                __aeabi_idiv0
                0x08000548                __aeabi_ldiv0
 *(.text*)
 .text.Jaw_Set  0x0800054c       0x24 ./Core/Src/main.o
 .text.Wrist_Set
                0x08000570       0x24 ./Core/Src/main.o
 .text.Deg_To_Us
                0x08000594       0x38 ./Core/Src/main.o
 .text.main     0x080005cc      0x144 ./Core/Src/main.o
                0x080005cc                main
 .text.SystemClock_Config
                0x08000710       0x96 ./Core/Src/main.o
                0x08000710                SystemClock_Config
 *fill*         0x080007a6        0x2 
 .text.MX_I2C2_Init
                0x080007a8       0x80 ./Core/Src/main.o
 .text.MX_TIM1_Init
                0x08000828      0x128 ./Core/Src/main.o
 .text.MX_TIM2_Init
                0x08000950       0xb4 ./Core/Src/main.o
 .text.MX_TIM3_Init
                0x08000a04       0xb4 ./Core/Src/main.o
 .text.MX_TIM4_Init
                0x08000ab8       0xb4 ./Core/Src/main.o
 .text.MX_TIM15_Init
                0x08000b6c      0x10c ./Core/Src/main.o
 .text.MX_TIM16_Init
                0x08000c78       0xf4 ./Core/Src/main.o
 .text.MX_USART1_UART_Init
                0x08000d6c       0x98 ./Core/Src/main.o
 .text.MX_GPIO_Init
                0x08000e04       0x78 ./Core/Src/main.o
 .text.HAL_UART_RxCpltCallback
                0x08000e7c      0x128 ./Core/Src/main.o
                0x08000e7c                HAL_UART_RxCpltCallback
 .text.Servo_Run
                0x08000fa4       0xb4 ./Core/Src/main.o
 .text.JawTask  0x08001058       0x44 ./Core/Src/main.o
                0x08001058                JawTask
 .text.WristTask
                0x0800109c       0x44 ./Core/Src/main.o
                0x0800109c                WristTask
 .text.HAL_UART_ErrorCallback
                0x080010e0       0x3c ./Core/Src/main.o
                0x080010e0                HAL_UART_ErrorCallback
 .text.StartDefaultTask
                0x0800111c       0x7c ./Core/Src/main.o
                0x0800111c                StartDefaultTask
 .text.HAL_TIM_PeriodElapsedCallback
                0x08001198       0x24 ./Core/Src/main.o
                0x08001198                HAL_TIM_PeriodElapsedCallback
 .text.Error_Handler
                0x080011bc        0xc ./Core/Src/main.o
                0x080011bc                Error_Handler
 .text.HAL_MspInit
                0x080011c8       0x54 ./Core/Src/stm32g4xx_hal_msp.o
                0x080011c8                HAL_MspInit
 .text.HAL_I2C_MspInit
                0x0800121c       0xec ./Core/Src/stm32g4xx_hal_msp.o
                0x0800121c                HAL_I2C_MspInit
 .text.HAL_TIM_PWM_MspInit
                0x08001308      0x124 ./Core/Src/stm32g4xx_hal_msp.o
                0x08001308                HAL_TIM_PWM_MspInit
 .text.HAL_TIM_Base_MspInit
                0x0800142c       0x40 ./Core/Src/stm32g4xx_hal_msp.o
                0x0800142c                HAL_TIM_Base_MspInit
 .text.HAL_TIM_MspPostInit
                0x0800146c      0x1e4 ./Core/Src/stm32g4xx_hal_msp.o
                0x0800146c                HAL_TIM_MspPostInit
 .text.HAL_UART_MspInit
                0x08001650       0xc0 ./Core/Src/stm32g4xx_hal_msp.o
                0x08001650                HAL_UART_MspInit
 .text.HAL_InitTick
                0x08001710       0xd8 ./Core/Src/stm32g4xx_hal_timebase_tim.o
                0x08001710                HAL_InitTick
 .text.NMI_Handler
                0x080017e8        0x8 ./Core/Src/stm32g4xx_it.o
                0x080017e8                NMI_Handler
 .text.HardFault_Handler
                0x080017f0        0x8 ./Core/Src/stm32g4xx_it.o
                0x080017f0                HardFault_Handler
 .text.MemManage_Handler
                0x080017f8        0x8 ./Core/Src/stm32g4xx_it.o
                0x080017f8                MemManage_Handler
 .text.BusFault_Handler
                0x08001800        0x8 ./Core/Src/stm32g4xx_it.o
                0x08001800                BusFault_Handler
 .text.UsageFault_Handler
                0x08001808        0x8 ./Core/Src/stm32g4xx_it.o
                0x08001808                UsageFault_Handler
 .text.DebugMon_Handler
                0x08001810        0xe ./Core/Src/stm32g4xx_it.o
                0x08001810                DebugMon_Handler
 *fill*         0x0800181e        0x2 
 .text.USART1_IRQHandler
                0x08001820       0x14 ./Core/Src/stm32g4xx_it.o
                0x08001820                USART1_IRQHandler
 .text.EXTI15_10_IRQHandler
                0x08001834        0xe ./Core/Src/stm32g4xx_it.o
                0x08001834                EXTI15_10_IRQHandler
 *fill*         0x08001842        0x2 
 .text.TIM6_DAC_IRQHandler
                0x08001844       0x14 ./Core/Src/stm32g4xx_it.o
                0x08001844                TIM6_DAC_IRQHandler
 .text.SystemInit
                0x08001858       0x24 ./Core/Src/system_stm32g4xx.o
                0x08001858                SystemInit
 .text.Reset_Handler
                0x0800187c       0x50 ./Core/Startup/startup_stm32g431rbtx.o
                0x0800187c                Reset_Handler
 .text.Default_Handler
                0x080018cc        0x2 ./Core/Startup/startup_stm32g431rbtx.o
                0x080018cc                RTC_Alarm_IRQHandler
                0x080018cc                EXTI2_IRQHandler
                0x080018cc                TIM8_TRG_COM_IRQHandler
                0x080018cc                TIM8_CC_IRQHandler
                0x080018cc                TIM1_CC_IRQHandler
                0x080018cc                USB_HP_IRQHandler
                0x080018cc                CORDIC_IRQHandler
                0x080018cc                EXTI3_IRQHandler
                0x080018cc                I2C3_ER_IRQHandler
                0x080018cc                EXTI0_IRQHandler
                0x080018cc                I2C2_EV_IRQHandler
                0x080018cc                FPU_IRQHandler
                0x080018cc                FDCAN1_IT1_IRQHandler
                0x080018cc                TIM1_UP_TIM16_IRQHandler
                0x080018cc                ADC1_2_IRQHandler
                0x080018cc                SPI1_IRQHandler
                0x080018cc                TIM8_UP_IRQHandler
                0x080018cc                DMA2_Channel2_IRQHandler
                0x080018cc                DMA1_Channel4_IRQHandler
                0x080018cc                USART3_IRQHandler
                0x080018cc                TIM4_IRQHandler
                0x080018cc                DMA2_Channel1_IRQHandler
                0x080018cc                I2C1_EV_IRQHandler
                0x080018cc                DMA1_Channel6_IRQHandler
                0x080018cc                UART4_IRQHandler
                0x080018cc                DMA2_Channel4_IRQHandler
                0x080018cc                TIM3_IRQHandler
                0x080018cc                RCC_IRQHandler
                0x080018cc                DMA1_Channel1_IRQHandler
                0x080018cc                Default_Handler
                0x080018cc                RTC_TAMP_LSECSS_IRQHandler
                0x080018cc                FMAC_IRQHandler
                0x080018cc                TIM7_IRQHandler
                0x080018cc                UCPD1_IRQHandler
                0x080018cc                I2C3_EV_IRQHandler
                0x080018cc                EXTI9_5_IRQHandler
                0x080018cc                RTC_WKUP_IRQHandler
                0x080018cc                PVD_PVM_IRQHandler
                0x080018cc                SPI2_IRQHandler
                0x080018cc                DMA2_Channel5_IRQHandler
                0x080018cc                CRS_IRQHandler
                0x080018cc                DMA1_Channel5_IRQHandler
                0x080018cc                USB_LP_IRQHandler
                0x080018cc                EXTI4_IRQHandler
                0x080018cc                RNG_IRQHandler
                0x080018cc                TIM1_TRG_COM_TIM17_IRQHandler
                0x080018cc                DMA1_Channel3_IRQHandler
                0x080018cc                WWDG_IRQHandler
                0x080018cc                LPUART1_IRQHandler
                0x080018cc                DMA2_Channel6_IRQHandler
                0x080018cc                FDCAN1_IT0_IRQHandler
                0x080018cc                TIM2_IRQHandler
                0x080018cc                COMP1_2_3_IRQHandler
                0x080018cc                EXTI1_IRQHandler
                0x080018cc                USART2_IRQHandler
                0x080018cc                I2C2_ER_IRQHandler
                0x080018cc                DMA1_Channel2_IRQHandler
                0x080018cc                TIM8_BRK_IRQHandler
                0x080018cc                FLASH_IRQHandler
                0x080018cc                SPI3_IRQHandler
                0x080018cc                I2C1_ER_IRQHandler
                0x080018cc                LPTIM1_IRQHandler
                0x080018cc                DMAMUX_OVR_IRQHandler
                0x080018cc                USBWakeUp_IRQHandler
                0x080018cc                SAI1_IRQHandler
                0x080018cc                DMA2_Channel3_IRQHandler
                0x080018cc                COMP4_IRQHandler
                0x080018cc                TIM1_BRK_TIM15_IRQHandler
 *fill*         0x080018ce        0x2 
 .text.BSP_LED_Init
                0x080018d0       0x6c ./Drivers/BSP/STM32G4xx_Nucleo/stm32g4xx_nucleo.o
                0x080018d0                BSP_LED_Init
 .text.BSP_LED_On
                0x0800193c       0x2c ./Drivers/BSP/STM32G4xx_Nucleo/stm32g4xx_nucleo.o
                0x0800193c                BSP_LED_On
 .text.BSP_LED_Off
                0x08001968       0x2c ./Drivers/BSP/STM32G4xx_Nucleo/stm32g4xx_nucleo.o
                0x08001968                BSP_LED_Off
 .text.BSP_LED_Toggle
                0x08001994       0x2c ./Drivers/BSP/STM32G4xx_Nucleo/stm32g4xx_nucleo.o
                0x08001994                BSP_LED_Toggle
 .text.BSP_PB_Init
                0x080019c0       0xdc ./Drivers/BSP/STM32G4xx_Nucleo/stm32g4xx_nucleo.o
                0x080019c0                BSP_PB_Init
 .text.BSP_PB_IRQHandler
                0x08001a9c       0x24 ./Drivers/BSP/STM32G4xx_Nucleo/stm32g4xx_nucleo.o
                0x08001a9c                BSP_PB_IRQHandler
 .text.BSP_PB_Callback
                0x08001ac0       0x16 ./Drivers/BSP/STM32G4xx_Nucleo/stm32g4xx_nucleo.o
                0x08001ac0                BSP_PB_Callback
 *fill*         0x08001ad6        0x2 
 .text.BSP_COM_Init
                0x08001ad8       0x60 ./Drivers/BSP/STM32G4xx_Nucleo/stm32g4xx_nucleo.o
                0x08001ad8                BSP_COM_Init
 .text.MX_LPUART1_Init
                0x08001b38       0x64 ./Drivers/BSP/STM32G4xx_Nucleo/stm32g4xx_nucleo.o
                0x08001b38                MX_LPUART1_Init
 .text.BUTTON_USER_EXTI_Callback
                0x08001b9c        0xe ./Drivers/BSP/STM32G4xx_Nucleo/stm32g4xx_nucleo.o
 *fill*         0x08001baa        0x2 
 .text.COM1_MspInit
                0x08001bac       0x98 ./Drivers/BSP/STM32G4xx_Nucleo/stm32g4xx_nucleo.o
 .text.HAL_Init
                0x08001c44       0x30 ./Drivers/STM32G4xx_HAL_Driver/Src/stm32g4xx_hal.o
                0x08001c44                HAL_Init
 .text.HAL_IncTick
                0x08001c74       0x24 ./Drivers/STM32G4xx_HAL_Driver/Src/stm32g4xx_hal.o
                0x08001c74                HAL_IncTick
 .text.HAL_GetTick
                0x08001c98       0x18 ./Drivers/STM32G4xx_HAL_Driver/Src/stm32g4xx_hal.o
                0x08001c98                HAL_GetTick
 .text.__NVIC_SetPriorityGrouping
                0x08001cb0       0x48 ./Drivers/STM32G4xx_HAL_Driver/Src/stm32g4xx_hal_cortex.o
 .text.__NVIC_GetPriorityGrouping
                0x08001cf8       0x1c ./Drivers/STM32G4xx_HAL_Driver/Src/stm32g4xx_hal_cortex.o
 .text.__NVIC_EnableIRQ
                0x08001d14       0x3c ./Drivers/STM32G4xx_HAL_Driver/Src/stm32g4xx_hal_cortex.o
 .text.__NVIC_SetPriority
                0x08001d50       0x54 ./Drivers/STM32G4xx_HAL_Driver/Src/stm32g4xx_hal_cortex.o
 .text.NVIC_EncodePriority
                0x08001da4       0x66 ./Drivers/STM32G4xx_HAL_Driver/Src/stm32g4xx_hal_cortex.o
 .text.HAL_NVIC_SetPriorityGrouping
                0x08001e0a       0x16 ./Drivers/STM32G4xx_HAL_Driver/Src/stm32g4xx_hal_cortex.o
                0x08001e0a                HAL_NVIC_SetPriorityGrouping
 .text.HAL_NVIC_SetPriority
                0x08001e20       0x34 ./Drivers/STM32G4xx_HAL_Driver/Src/stm32g4xx_hal_cortex.o
                0x08001e20                HAL_NVIC_SetPriority
 .text.HAL_NVIC_EnableIRQ
                0x08001e54       0x1c ./Drivers/STM32G4xx_HAL_Driver/Src/stm32g4xx_hal_cortex.o
                0x08001e54                HAL_NVIC_EnableIRQ
 .text.HAL_DMA_Abort
                0x08001e70       0xbc ./Drivers/STM32G4xx_HAL_Driver/Src/stm32g4xx_hal_dma.o
                0x08001e70                HAL_DMA_Abort
 .text.HAL_DMA_Abort_IT
                0x08001f2c       0xce ./Drivers/STM32G4xx_HAL_Driver/Src/stm32g4xx_hal_dma.o
                0x08001f2c                HAL_DMA_Abort_IT
 .text.HAL_EXTI_RegisterCallback
                0x08001ffa       0x3a ./Drivers/STM32G4xx_HAL_Driver/Src/stm32g4xx_hal_exti.o
                0x08001ffa                HAL_EXTI_RegisterCallback
 .text.HAL_EXTI_GetHandle
                0x08002034       0x28 ./Drivers/STM32G4xx_HAL_Driver/Src/stm32g4xx_hal_exti.o
                0x08002034                HAL_EXTI_GetHandle
 .text.HAL_EXTI_IRQHandler
                0x0800205c       0x60 ./Drivers/STM32G4xx_HAL_Driver/Src/stm32g4xx_hal_exti.o
                0x0800205c                HAL_EXTI_IRQHandler
 .text.HAL_GPIO_Init
                0x080020bc      0x318 ./Drivers/STM32G4xx_HAL_Driver/Src/stm32g4xx_hal_gpio.o
                0x080020bc                HAL_GPIO_Init
 .text.HAL_GPIO_WritePin
                0x080023d4       0x30 ./Drivers/STM32G4xx_HAL_Driver/Src/stm32g4xx_hal_gpio.o
                0x080023d4                HAL_GPIO_WritePin
 .text.HAL_GPIO_TogglePin
                0x08002404       0x34 ./Drivers/STM32G4xx_HAL_Driver/Src/stm32g4xx_hal_gpio.o
                0x08002404                HAL_GPIO_TogglePin
 .text.HAL_I2C_Init
                0x08002438      0x136 ./Drivers/STM32G4xx_HAL_Driver/Src/stm32g4xx_hal_i2c.o
                0x08002438                HAL_I2C_Init
 .text.HAL_I2CEx_ConfigAnalogFilter
                0x0800256e       0x96 ./Drivers/STM32G4xx_HAL_Driver/Src/stm32g4xx_hal_i2c_ex.o
                0x0800256e                HAL_I2CEx_ConfigAnalogFilter
 .text.HAL_I2CEx_ConfigDigitalFilter
                0x08002604       0x98 ./Drivers/STM32G4xx_HAL_Driver/Src/stm32g4xx_hal_i2c_ex.o
                0x08002604                HAL_I2CEx_ConfigDigitalFilter
 .text.HAL_PWREx_ControlVoltageScaling
                0x0800269c      0x148 ./Drivers/STM32G4xx_HAL_Driver/Src/stm32g4xx_hal_pwr_ex.o
                0x0800269c                HAL_PWREx_ControlVoltageScaling
 .text.HAL_PWREx_DisableUCPDDeadBattery
                0x080027e4       0x20 ./Drivers/STM32G4xx_HAL_Driver/Src/stm32g4xx_hal_pwr_ex.o
                0x080027e4                HAL_PWREx_DisableUCPDDeadBattery
 .text.HAL_RCC_OscConfig
                0x08002804      0x624 ./Drivers/STM32G4xx_HAL_Driver/Src/stm32g4xx_hal_rcc.o
                0x08002804                HAL_RCC_OscConfig
 .text.HAL_RCC_ClockConfig
                0x08002e28      0x278 ./Drivers/STM32G4xx_HAL_Driver/Src/stm32g4xx_hal_rcc.o
                0x08002e28                HAL_RCC_ClockConfig
 .text.HAL_RCC_GetSysClockFreq
                0x080030a0       0xc4 ./Drivers/STM32G4xx_HAL_Driver/Src/stm32g4xx_hal_rcc.o
                0x080030a0                HAL_RCC_GetSysClockFreq
 .text.HAL_RCC_GetHCLKFreq
                0x08003164       0x18 ./Drivers/STM32G4xx_HAL_Driver/Src/stm32g4xx_hal_rcc.o
                0x08003164                HAL_RCC_GetHCLKFreq
 .text.HAL_RCC_GetPCLK1Freq
                0x0800317c       0x2c ./Drivers/STM32G4xx_HAL_Driver/Src/stm32g4xx_hal_rcc.o
                0x0800317c                HAL_RCC_GetPCLK1Freq
 .text.HAL_RCC_GetPCLK2Freq
                0x080031a8       0x2c ./Drivers/STM32G4xx_HAL_Driver/Src/stm32g4xx_hal_rcc.o
                0x080031a8                HAL_RCC_GetPCLK2Freq
 .text.HAL_RCC_GetClockConfig
                0x080031d4       0x64 ./Drivers/STM32G4xx_HAL_Driver/Src/stm32g4xx_hal_rcc.o
                0x080031d4                HAL_RCC_GetClockConfig
 .text.RCC_GetSysClockFreqFromPLLSource
                0x08003238       0x8c ./Drivers/STM32G4xx_HAL_Driver/Src/stm32g4xx_hal_rcc.o
 .text.HAL_RCCEx_PeriphCLKConfig
                0x080032c4      0x3e0 ./Drivers/STM32G4xx_HAL_Driver/Src/stm32g4xx_hal_rcc_ex.o
                0x080032c4                HAL_RCCEx_PeriphCLKConfig
 .text.HAL_TIM_Base_Init
                0x080036a4       0xae ./Drivers/STM32G4xx_HAL_Driver/Src/stm32g4xx_hal_tim.o
                0x080036a4                HAL_TIM_Base_Init
 *fill*         0x08003752        0x2 
 .text.HAL_TIM_Base_Start_IT
                0x08003754       0xd4 ./Drivers/STM32G4xx_HAL_Driver/Src/stm32g4xx_hal_tim.o
                0x08003754                HAL_TIM_Base_Start_IT
 .text.HAL_TIM_PWM_Init
                0x08003828       0xae ./Drivers/STM32G4xx_HAL_Driver/Src/stm32g4xx_hal_tim.o
                0x08003828                HAL_TIM_PWM_Init
 *fill*         0x080038d6        0x2 
 .text.HAL_TIM_PWM_Start
                0x080038d8      0x200 ./Drivers/STM32G4xx_HAL_Driver/Src/stm32g4xx_hal_tim.o
                0x080038d8                HAL_TIM_PWM_Start
 .text.HAL_TIM_IRQHandler
                0x08003ad8      0x29e ./Drivers/STM32G4xx_HAL_Driver/Src/stm32g4xx_hal_tim.o
                0x08003ad8                HAL_TIM_IRQHandler
 *fill*         0x08003d76        0x2 
 .text.HAL_TIM_PWM_ConfigChannel
                0x08003d78      0x228 ./Drivers/STM32G4xx_HAL_Driver/Src/stm32g4xx_hal_tim.o
                0x08003d78                HAL_TIM_PWM_ConfigChannel
 .text.HAL_TIM_OC_DelayElapsedCallback
                0x08003fa0       0x14 ./Drivers/STM32G4xx_HAL_Driver/Src/stm32g4xx_hal_tim.o
                0x08003fa0                HAL_TIM_OC_DelayElapsedCallback
 .text.HAL_TIM_IC_CaptureCallback
                0x08003fb4       0x14 ./Drivers/STM32G4xx_HAL_Driver/Src/stm32g4xx_hal_tim.o
                0x08003fb4                HAL_TIM_IC_CaptureCallback
 .text.HAL_TIM_PWM_PulseFinishedCallback
                0x08003fc8       0x14 ./Drivers/STM32G4xx_HAL_Driver/Src/stm32g4xx_hal_tim.o
                0x08003fc8                HAL_TIM_PWM_PulseFinishedCallback
 .text.HAL_TIM_TriggerCallback
                0x08003fdc       0x14 ./Drivers/STM32G4xx_HAL_Driver/Src/stm32g4xx_hal_tim.o
                0x08003fdc                HAL_TIM_TriggerCallback
 .text.TIM_Base_SetConfig
                0x08003ff0      0x12c ./Drivers/STM32G4xx_HAL_Driver/Src/stm32g4xx_hal_tim.o
                0x08003ff0                TIM_Base_SetConfig
 .text.TIM_OC1_SetConfig
                0x0800411c      0x124 ./Drivers/STM32G4xx_HAL_Driver/Src/stm32g4xx_hal_tim.o
 .text.TIM_OC2_SetConfig
                0x08004240      0x118 ./Drivers/STM32G4xx_HAL_Driver/Src/stm32g4xx_hal_tim.o
                0x08004240                TIM_OC2_SetConfig
 .text.TIM_OC3_SetConfig
                0x08004358      0x114 ./Drivers/STM32G4xx_HAL_Driver/Src/stm32g4xx_hal_tim.o
 .text.TIM_OC4_SetConfig
                0x0800446c      0x118 ./Drivers/STM32G4xx_HAL_Driver/Src/stm32g4xx_hal_tim.o
 .text.TIM_OC5_SetConfig
                0x08004584       0xc8 ./Drivers/STM32G4xx_HAL_Driver/Src/stm32g4xx_hal_tim.o
 .text.TIM_OC6_SetConfig
                0x0800464c       0xcc ./Drivers/STM32G4xx_HAL_Driver/Src/stm32g4xx_hal_tim.o
 .text.TIM_CCxChannelCmd
                0x08004718       0x4a ./Drivers/STM32G4xx_HAL_Driver/Src/stm32g4xx_hal_tim.o
                0x08004718                TIM_CCxChannelCmd
 *fill*         0x08004762        0x2 
 .text.HAL_TIMEx_MasterConfigSynchronization
                0x08004764      0x104 ./Drivers/STM32G4xx_HAL_Driver/Src/stm32g4xx_hal_tim_ex.o
                0x08004764                HAL_TIMEx_MasterConfigSynchronization
 .text.HAL_TIMEx_ConfigBreakDeadTime
                0x08004868      0x118 ./Drivers/STM32G4xx_HAL_Driver/Src/stm32g4xx_hal_tim_ex.o
                0x08004868                HAL_TIMEx_ConfigBreakDeadTime
 .text.HAL_TIMEx_CommutCallback
                0x08004980       0x14 ./Drivers/STM32G4xx_HAL_Driver/Src/stm32g4xx_hal_tim_ex.o
                0x08004980                HAL_TIMEx_CommutCallback
 .text.HAL_TIMEx_BreakCallback
                0x08004994       0x14 ./Drivers/STM32G4xx_HAL_Driver/Src/stm32g4xx_hal_tim_ex.o
                0x08004994                HAL_TIMEx_BreakCallback
 .text.HAL_TIMEx_Break2Callback
                0x080049a8       0x14 ./Drivers/STM32G4xx_HAL_Driver/Src/stm32g4xx_hal_tim_ex.o
                0x080049a8                HAL_TIMEx_Break2Callback
 .text.HAL_TIMEx_EncoderIndexCallback
                0x080049bc       0x14 ./Drivers/STM32G4xx_HAL_Driver/Src/stm32g4xx_hal_tim_ex.o
                0x080049bc                HAL_TIMEx_EncoderIndexCallback
 .text.HAL_TIMEx_DirectionChangeCallback
                0x080049d0       0x14 ./Drivers/STM32G4xx_HAL_Driver/Src/stm32g4xx_hal_tim_ex.o
                0x080049d0                HAL_TIMEx_DirectionChangeCallback
 .text.HAL_TIMEx_IndexErrorCallback
                0x080049e4       0x14 ./Drivers/STM32G4xx_HAL_Driver/Src/stm32g4xx_hal_tim_ex.o
                0x080049e4                HAL_TIMEx_IndexErrorCallback
 .text.HAL_TIMEx_TransitionErrorCallback
                0x080049f8       0x14 ./Drivers/STM32G4xx_HAL_Driver/Src/stm32g4xx_hal_tim_ex.o
                0x080049f8                HAL_TIMEx_TransitionErrorCallback
 .text.HAL_UART_Init
                0x08004a0c       0xa0 ./Drivers/STM32G4xx_HAL_Driver/Src/stm32g4xx_hal_uart.o
                0x08004a0c                HAL_UART_Init
 .text.HAL_UART_Transmit_IT
                0x08004aac      0x128 ./Drivers/STM32G4xx_HAL_Driver/Src/stm32g4xx_hal_uart.o
                0x08004aac                HAL_UART_Transmit_IT
 .text.HAL_UART_Receive_IT
                0x08004bd4       0x98 ./Drivers/STM32G4xx_HAL_Driver/Src/stm32g4xx_hal_uart.o
                0x08004bd4                HAL_UART_Receive_IT
 .text.HAL_UART_IRQHandler
                0x08004c6c      0x684 ./Drivers/STM32G4xx_HAL_Driver/Src/stm32g4xx_hal_uart.o
                0x08004c6c                HAL_UART_IRQHandler
 .text.HAL_UART_TxCpltCallback
                0x080052f0       0x14 ./Drivers/STM32G4xx_HAL_Driver/Src/stm32g4xx_hal_uart.o
                0x080052f0                HAL_UART_TxCpltCallback
 .text.HAL_UARTEx_RxEventCallback
                0x08005304       0x18 ./Drivers/STM32G4xx_HAL_Driver/Src/stm32g4xx_hal_uart.o
                0x08005304                HAL_UARTEx_RxEventCallback
 .text.UART_SetConfig
                0x0800531c      0x598 ./Drivers/STM32G4xx_HAL_Driver/Src/stm32g4xx_hal_uart.o
                0x0800531c                UART_SetConfig
 .text.UART_AdvFeatureConfig
                0x080058b4      0x144 ./Drivers/STM32G4xx_HAL_Driver/Src/stm32g4xx_hal_uart.o
                0x080058b4                UART_AdvFeatureConfig
 .text.UART_CheckIdleState
                0x080059f8      0x154 ./Drivers/STM32G4xx_HAL_Driver/Src/stm32g4xx_hal_uart.o
                0x080059f8                UART_CheckIdleState
 .text.UART_WaitOnFlagUntilTimeout
                0x08005b4c       0xda ./Drivers/STM32G4xx_HAL_Driver/Src/stm32g4xx_hal_uart.o
                0x08005b4c                UART_WaitOnFlagUntilTimeout
 *fill*         0x08005c26        0x2 
 .text.UART_Start_Receive_IT
                0x08005c28      0x244 ./Drivers/STM32G4xx_HAL_Driver/Src/stm32g4xx_hal_uart.o
                0x08005c28                UART_Start_Receive_IT
 .text.UART_EndRxTransfer
                0x08005e6c       0xcc ./Drivers/STM32G4xx_HAL_Driver/Src/stm32g4xx_hal_uart.o
 .text.UART_DMAAbortOnError
                0x08005f38       0x1c ./Drivers/STM32G4xx_HAL_Driver/Src/stm32g4xx_hal_uart.o
 .text.UART_TxISR_8BIT
                0x08005f54       0xb8 ./Drivers/STM32G4xx_HAL_Driver/Src/stm32g4xx_hal_uart.o
 .text.UART_TxISR_16BIT
                0x0800600c       0xc2 ./Drivers/STM32G4xx_HAL_Driver/Src/stm32g4xx_hal_uart.o
 .text.UART_TxISR_8BIT_FIFOEN
                0x080060ce       0xe0 ./Drivers/STM32G4xx_HAL_Driver/Src/stm32g4xx_hal_uart.o
 .text.UART_TxISR_16BIT_FIFOEN
                0x080061ae       0xea ./Drivers/STM32G4xx_HAL_Driver/Src/stm32g4xx_hal_uart.o
 .text.UART_EndTransmit_IT
                0x08006298       0x56 ./Drivers/STM32G4xx_HAL_Driver/Src/stm32g4xx_hal_uart.o
 *fill*         0x080062ee        0x2 
 .text.UART_RxISR_8BIT
                0x080062f0      0x1b8 ./Drivers/STM32G4xx_HAL_Driver/Src/stm32g4xx_hal_uart.o
 .text.UART_RxISR_16BIT
                0x080064a8      0x1b8 ./Drivers/STM32G4xx_HAL_Driver/Src/stm32g4xx_hal_uart.o
 .text.UART_RxISR_8BIT_FIFOEN
                0x08006660      0x364 ./Drivers/STM32G4xx_HAL_Driver/Src/stm32g4xx_hal_uart.o
 .text.UART_RxISR_16BIT_FIFOEN
                0x080069c4      0x36c ./Drivers/STM32G4xx_HAL_Driver/Src/stm32g4xx_hal_uart.o
 .text.HAL_UARTEx_WakeupCallback
                0x08006d30       0x14 ./Drivers/STM32G4xx_HAL_Driver/Src/stm32g4xx_hal_uart_ex.o
                0x08006d30                HAL_UARTEx_WakeupCallback
 .text.HAL_UARTEx_RxFifoFullCallback
                0x08006d44       0x14 ./Drivers/STM32G4xx_HAL_Driver/Src/stm32g4xx_hal_uart_ex.o
                0x08006d44                HAL_UARTEx_RxFifoFullCallback
 .text.HAL_UARTEx_TxFifoEmptyCallback
                0x08006d58       0x14 ./Drivers/STM32G4xx_HAL_Driver/Src/stm32g4xx_hal_uart_ex.o
                0x08006d58                HAL_UARTEx_TxFifoEmptyCallback
 .text.HAL_UARTEx_DisableFifoMode
                0x08006d6c       0x72 ./Drivers/STM32G4xx_HAL_Driver/Src/stm32g4xx_hal_uart_ex.o
                0x08006d6c                HAL_UARTEx_DisableFifoMode
 .text.HAL_UARTEx_SetTxFifoThreshold
                0x08006dde       0x7c ./Drivers/STM32G4xx_HAL_Driver/Src/stm32g4xx_hal_uart_ex.o
                0x08006dde                HAL_UARTEx_SetTxFifoThreshold
 .text.HAL_UARTEx_SetRxFifoThreshold
                0x08006e5a       0x7c ./Drivers/STM32G4xx_HAL_Driver/Src/stm32g4xx_hal_uart_ex.o
                0x08006e5a                HAL_UARTEx_SetRxFifoThreshold
 *fill*         0x08006ed6        0x2 
 .text.UARTEx_SetNbDataToProcess
                0x08006ed8       0x9c ./Drivers/STM32G4xx_HAL_Driver/Src/stm32g4xx_hal_uart_ex.o
 .text.__NVIC_SetPriority
                0x08006f74       0x54 ./Middlewares/Third_Party/FreeRTOS/Source/CMSIS_RTOS_V2/cmsis_os2.o
 .text.SysTick_Handler
                0x08006fc8       0x20 ./Middlewares/Third_Party/FreeRTOS/Source/CMSIS_RTOS_V2/cmsis_os2.o
                0x08006fc8                SysTick_Handler
 .text.SVC_Setup
                0x08006fe8       0x12 ./Middlewares/Third_Party/FreeRTOS/Source/CMSIS_RTOS_V2/cmsis_os2.o
 *fill*         0x08006ffa        0x2 
 .text.osKernelInitialize
                0x08006ffc       0x48 ./Middlewares/Third_Party/FreeRTOS/Source/CMSIS_RTOS_V2/cmsis_os2.o
                0x08006ffc                osKernelInitialize
 .text.osKernelStart
                0x08007044       0x4c ./Middlewares/Third_Party/FreeRTOS/Source/CMSIS_RTOS_V2/cmsis_os2.o
                0x08007044                osKernelStart
 .text.osThreadNew
                0x08007090      0x124 ./Middlewares/Third_Party/FreeRTOS/Source/CMSIS_RTOS_V2/cmsis_os2.o
                0x08007090                osThreadNew
 .text.osDelay  0x080071b4       0x36 ./Middlewares/Third_Party/FreeRTOS/Source/CMSIS_RTOS_V2/cmsis_os2.o
                0x080071b4                osDelay
 .text.osMessageQueueNew
                0x080071ea       0xe6 ./Middlewares/Third_Party/FreeRTOS/Source/CMSIS_RTOS_V2/cmsis_os2.o
                0x080071ea                osMessageQueueNew
 .text.osMessageQueuePut
                0x080072d0       0xc0 ./Middlewares/Third_Party/FreeRTOS/Source/CMSIS_RTOS_V2/cmsis_os2.o
                0x080072d0                osMessageQueuePut
 .text.osMessageQueueGet
                0x08007390       0xbc ./Middlewares/Third_Party/FreeRTOS/Source/CMSIS_RTOS_V2/cmsis_os2.o
                0x08007390                osMessageQueueGet
 .text.vApplicationGetIdleTaskMemory
                0x0800744c       0x34 ./Middlewares/Third_Party/FreeRTOS/Source/CMSIS_RTOS_V2/cmsis_os2.o
                0x0800744c                vApplicationGetIdleTaskMemory
 .text.vApplicationGetTimerTaskMemory
                0x08007480       0x34 ./Middlewares/Third_Party/FreeRTOS/Source/CMSIS_RTOS_V2/cmsis_os2.o
                0x08007480                vApplicationGetTimerTaskMemory
 .text.vListInitialise
                0x080074b4       0x40 ./Middlewares/Third_Party/FreeRTOS/Source/list.o
                0x080074b4                vListInitialise
 .text.vListInitialiseItem
                0x080074f4       0x1a ./Middlewares/Third_Party/FreeRTOS/Source/list.o
                0x080074f4                vListInitialiseItem
 .text.vListInsertEnd
                0x0800750e       0x48 ./Middlewares/Third_Party/FreeRTOS/Source/list.o
                0x0800750e                vListInsertEnd
 .text.vListInsert
                0x08007556       0x72 ./Middlewares/Third_Party/FreeRTOS/Source/list.o
                0x08007556                vListInsert
 .text.uxListRemove
                0x080075c8       0x54 ./Middlewares/Third_Party/FreeRTOS/Source/list.o
                0x080075c8                uxListRemove
 .text.xQueueGenericReset
                0x0800761c       0xd4 ./Middlewares/Third_Party/FreeRTOS/Source/queue.o
                0x0800761c                xQueueGenericReset
 .text.xQueueGenericCreateStatic
                0x080076f0       0xfa ./Middlewares/Third_Party/FreeRTOS/Source/queue.o
                0x080076f0                xQueueGenericCreateStatic
 .text.xQueueGenericCreate
                0x080077ea       0x76 ./Middlewares/Third_Party/FreeRTOS/Source/queue.o
                0x080077ea                xQueueGenericCreate
 .text.prvInitialiseNewQueue
                0x08007860       0x46 ./Middlewares/Third_Party/FreeRTOS/Source/queue.o
 *fill*         0x080078a6        0x2 
 .text.xQueueGenericSend
                0x080078a8      0x204 ./Middlewares/Third_Party/FreeRTOS/Source/queue.o
                0x080078a8                xQueueGenericSend
 .text.xQueueGenericSendFromISR
                0x08007aac      0x13c ./Middlewares/Third_Party/FreeRTOS/Source/queue.o
                0x08007aac                xQueueGenericSendFromISR
 .text.xQueueReceive
                0x08007be8      0x1c4 ./Middlewares/Third_Party/FreeRTOS/Source/queue.o
                0x08007be8                xQueueReceive
 .text.xQueueReceiveFromISR
                0x08007dac      0x104 ./Middlewares/Third_Party/FreeRTOS/Source/queue.o
                0x08007dac                xQueueReceiveFromISR
 .text.prvCopyDataToQueue
                0x08007eb0       0xd4 ./Middlewares/Third_Party/FreeRTOS/Source/queue.o
 .text.prvCopyDataFromQueue
                0x08007f84       0x4c ./Middlewares/Third_Party/FreeRTOS/Source/queue.o
 .text.prvUnlockQueue
                0x08007fd0       0xa4 ./Middlewares/Third_Party/FreeRTOS/Source/queue.o
 .text.prvIsQueueEmpty
                0x08008074       0x2c ./Middlewares/Third_Party/FreeRTOS/Source/queue.o
 .text.prvIsQueueFull
                0x080080a0       0x30 ./Middlewares/Third_Party/FreeRTOS/Source/queue.o
 .text.vQueueAddToRegistry
                0x080080d0       0x54 ./Middlewares/Third_Party/FreeRTOS/Source/queue.o
                0x080080d0                vQueueAddToRegistry
 .text.vQueueWaitForMessageRestricted
                0x08008124       0x68 ./Middlewares/Third_Party/FreeRTOS/Source/queue.o
                0x08008124                vQueueWaitForMessageRestricted
 .text.xTaskCreateStatic
                0x0800818c       0xc0 ./Middlewares/Third_Party/FreeRTOS/Source/tasks.o
                0x0800818c                xTaskCreateStatic
 .text.xTaskCreate
                0x0800824c       0x8a ./Middlewares/Third_Party/FreeRTOS/Source/tasks.o
                0x0800824c                xTaskCreate
 .text.prvInitialiseNewTask
                0x080082d6      0x120 ./Middlewares/Third_Party/FreeRTOS/Source/tasks.o
 *fill*         0x080083f6        0x2 
 .text.prvAddNewTaskToReadyList
                0x080083f8       0xe0 ./Middlewares/Third_Party/FreeRTOS/Source/tasks.o
 .text.vTaskDelay
                0x080084d8       0x6c ./Middlewares/Third_Party/FreeRTOS/Source/tasks.o
                0x080084d8                vTaskDelay
 .text.vTaskStartScheduler
                0x08008544       0xd0 ./Middlewares/Third_Party/FreeRTOS/Source/tasks.o
                0x08008544                vTaskStartScheduler
 .text.vTaskSuspendAll
                0x08008614       0x1c ./Middlewares/Third_Party/FreeRTOS/Source/tasks.o
                0x08008614                vTaskSuspendAll
 .text.xTaskResumeAll
                0x08008630      0x13c ./Middlewares/Third_Party/FreeRTOS/Source/tasks.o
                0x08008630                xTaskResumeAll
 .text.xTaskGetTickCount
                0x0800876c       0x20 ./Middlewares/Third_Party/FreeRTOS/Source/tasks.o
                0x0800876c                xTaskGetTickCount
 .text.xTaskIncrementTick
                0x0800878c      0x174 ./Middlewares/Third_Party/FreeRTOS/Source/tasks.o
                0x0800878c                xTaskIncrementTick
 .text.vTaskSwitchContext
                0x08008900       0xbc ./Middlewares/Third_Party/FreeRTOS/Source/tasks.o
                0x08008900                vTaskSwitchContext
 .text.vTaskPlaceOnEventList
                0x080089bc       0x4c ./Middlewares/Third_Party/FreeRTOS/Source/tasks.o
                0x080089bc                vTaskPlaceOnEventList
 .text.vTaskPlaceOnEventListRestricted
                0x08008a08       0x58 ./Middlewares/Third_Party/FreeRTOS/Source/tasks.o
                0x08008a08                vTaskPlaceOnEventListRestricted
 .text.xTaskRemoveFromEventList
                0x08008a60       0xc8 ./Middlewares/Third_Party/FreeRTOS/Source/tasks.o
                0x08008a60                xTaskRemoveFromEventList
 .text.vTaskInternalSetTimeOutState
                0x08008b28       0x2c ./Middlewares/Third_Party/FreeRTOS/Source/tasks.o
                0x08008b28                vTaskInternalSetTimeOutState
 .text.xTaskCheckForTimeOut
                0x08008b54       0xc8 ./Middlewares/Third_Party/FreeRTOS/Source/tasks.o
                0x08008b54                xTaskCheckForTimeOut
 .text.vTaskMissedYield
                0x08008c1c       0x18 ./Middlewares/Third_Party/FreeRTOS/Source/tasks.o
                0x08008c1c                vTaskMissedYield
 .text.prvIdleTask
                0x08008c34       0x30 ./Middlewares/Third_Party/FreeRTOS/Source/tasks.o
 .text.prvInitialiseTaskLists
                0x08008c64       0x80 ./Middlewares/Third_Party/FreeRTOS/Source/tasks.o
 .text.prvCheckTasksWaitingTermination
                0x08008ce4       0x5c ./Middlewares/Third_Party/FreeRTOS/Source/tasks.o
 .text.prvDeleteTCB
                0x08008d40       0x60 ./Middlewares/Third_Party/FreeRTOS/Source/tasks.o
 .text.prvResetNextTaskUnblockTime
                0x08008da0       0x40 ./Middlewares/Third_Party/FreeRTOS/Source/tasks.o
 .text.xTaskGetSchedulerState
                0x08008de0       0x3c ./Middlewares/Third_Party/FreeRTOS/Source/tasks.o
                0x08008de0                xTaskGetSchedulerState
 .text.xTaskPriorityDisinherit
                0x08008e1c       0xe0 ./Middlewares/Third_Party/FreeRTOS/Source/tasks.o
                0x08008e1c                xTaskPriorityDisinherit
 .text.prvAddCurrentTaskToDelayedList
                0x08008efc       0xa8 ./Middlewares/Third_Party/FreeRTOS/Source/tasks.o
 .text.xTimerCreateTimerTask
                0x08008fa4       0x94 ./Middlewares/Third_Party/FreeRTOS/Source/timers.o
                0x08008fa4                xTimerCreateTimerTask
 .text.xTimerGenericCommand
                0x08009038       0x9c ./Middlewares/Third_Party/FreeRTOS/Source/timers.o
                0x08009038                xTimerGenericCommand
 .text.prvProcessExpiredTimer
                0x080090d4       0x9c ./Middlewares/Third_Party/FreeRTOS/Source/timers.o
 .text.prvTimerTask
                0x08009170       0x26 ./Middlewares/Third_Party/FreeRTOS/Source/timers.o
 *fill*         0x08009196        0x2 
 .text.prvProcessTimerOrBlockTask
                0x08009198       0x9c ./Middlewares/Third_Party/FreeRTOS/Source/timers.o
 .text.prvGetNextExpireTime
                0x08009234       0x48 ./Middlewares/Third_Party/FreeRTOS/Source/timers.o
 .text.prvSampleTimeNow
                0x0800927c       0x40 ./Middlewares/Third_Party/FreeRTOS/Source/timers.o
 .text.prvInsertTimerInActiveList
                0x080092bc       0x84 ./Middlewares/Third_Party/FreeRTOS/Source/timers.o
 .text.prvProcessReceivedCommands
                0x08009340      0x1cc ./Middlewares/Third_Party/FreeRTOS/Source/timers.o
 .text.prvSwitchTimerLists
                0x0800950c       0xcc ./Middlewares/Third_Party/FreeRTOS/Source/timers.o
 .text.prvCheckForValidListAndQueue
                0x080095d8       0x80 ./Middlewares/Third_Party/FreeRTOS/Source/timers.o
 .text.pxPortInitialiseStack
                0x08009658       0x68 ./Middlewares/Third_Party/FreeRTOS/Source/portable/GCC/ARM_CM4F/port.o
                0x08009658                pxPortInitialiseStack
 .text.prvTaskExitError
                0x080096c0       0x5c ./Middlewares/Third_Party/FreeRTOS/Source/portable/GCC/ARM_CM4F/port.o
 *fill*         0x0800971c        0x4 
 .text.SVC_Handler
                0x08009720       0x28 ./Middlewares/Third_Party/FreeRTOS/Source/portable/GCC/ARM_CM4F/port.o
                0x08009720                SVC_Handler
 .text.prvPortStartFirstTask
                0x08009748       0x28 ./Middlewares/Third_Party/FreeRTOS/Source/portable/GCC/ARM_CM4F/port.o
 .text.xPortStartScheduler
                0x08009770      0x148 ./Middlewares/Third_Party/FreeRTOS/Source/portable/GCC/ARM_CM4F/port.o
                0x08009770                xPortStartScheduler
 .text.vPortEnterCritical
                0x080098b8       0x64 ./Middlewares/Third_Party/FreeRTOS/Source/portable/GCC/ARM_CM4F/port.o
                0x080098b8                vPortEnterCritical
 .text.vPortExitCritical
                0x0800991c       0x54 ./Middlewares/Third_Party/FreeRTOS/Source/portable/GCC/ARM_CM4F/port.o
                0x0800991c                vPortExitCritical
 .text.PendSV_Handler
                0x08009970       0x68 ./Middlewares/Third_Party/FreeRTOS/Source/portable/GCC/ARM_CM4F/port.o
                0x08009970                PendSV_Handler
 .text.xPortSysTickHandler
                0x080099d8       0x44 ./Middlewares/Third_Party/FreeRTOS/Source/portable/GCC/ARM_CM4F/port.o
                0x080099d8                xPortSysTickHandler
 .text.vPortSetupTimerInterrupt
                0x08009a1c       0x48 ./Middlewares/Third_Party/FreeRTOS/Source/portable/GCC/ARM_CM4F/port.o
                0x08009a1c                vPortSetupTimerInterrupt
 .text.vPortEnableVFP
                0x08009a64       0x14 ./Middlewares/Third_Party/FreeRTOS/Source/portable/GCC/ARM_CM4F/port.o
 .text.vPortValidateInterruptPriority
                0x08009a78       0x84 ./Middlewares/Third_Party/FreeRTOS/Source/portable/GCC/ARM_CM4F/port.o
                0x08009a78                vPortValidateInterruptPriority
 .text.pvPortMalloc
                0x08009afc      0x19c ./Middlewares/Third_Party/FreeRTOS/Source/portable/MemMang/heap_4.o
                0x08009afc                pvPortMalloc
 .text.vPortFree
                0x08009c98       0xc8 ./Middlewares/Third_Party/FreeRTOS/Source/portable/MemMang/heap_4.o
                0x08009c98                vPortFree
 .text.prvHeapInit
                0x08009d60       0xc4 ./Middlewares/Third_Party/FreeRTOS/Source/portable/MemMang/heap_4.o
 .text.prvInsertBlockIntoFreeList
                0x08009e24       0xb4 ./Middlewares/Third_Party/FreeRTOS/Source/portable/MemMang/heap_4.o
 .text.memset   0x08009ed8       0x10 D:/Users/mehme/ST/STM32CubeIDE_2.1.1/STM32CubeIDE/plugins/com.st.stm32cube.ide.mcu.externaltools.gnu-tools-for-stm32.14.3.rel1.win32_1.0.100.202602081740/tools/bin/../lib/gcc/arm-none-eabi/14.3.1/../../../../arm-none-eabi/lib/thumb/v7e-m+fp/hard\libc_nano.a(libc_a-memset.o)
                0x08009ed8                memset
 .text.__libc_init_array
                0x08009ee8       0x48 D:/Users/mehme/ST/STM32CubeIDE_2.1.1/STM32CubeIDE/plugins/com.st.stm32cube.ide.mcu.externaltools.gnu-tools-for-stm32.14.3.rel1.win32_1.0.100.202602081740/tools/bin/../lib/gcc/arm-none-eabi/14.3.1/../../../../arm-none-eabi/lib/thumb/v7e-m+fp/hard\libc_nano.a(libc_a-init.o)
                0x08009ee8                __libc_init_array
 .text.memcpy   0x08009f30       0x1c D:/Users/mehme/ST/STM32CubeIDE_2.1.1/STM32CubeIDE/plugins/com.st.stm32cube.ide.mcu.externaltools.gnu-tools-for-stm32.14.3.rel1.win32_1.0.100.202602081740/tools/bin/../lib/gcc/arm-none-eabi/14.3.1/../../../../arm-none-eabi/lib/thumb/v7e-m+fp/hard\libc_nano.a(libc_a-memcpy-stub.o)
                0x08009f30                memcpy
 *(.glue_7)
 .glue_7        0x08009f4c        0x0 linker stubs
 *(.glue_7t)
 .glue_7t       0x08009f4c        0x0 linker stubs
 *(.eh_frame)
 .eh_frame      0x08009f4c        0x0 D:/Users/mehme/ST/STM32CubeIDE_2.1.1/STM32CubeIDE/plugins/com.st.stm32cube.ide.mcu.externaltools.gnu-tools-for-stm32.14.3.rel1.win32_1.0.100.202602081740/tools/bin/../lib/gcc/arm-none-eabi/14.3.1/thumb/v7e-m+fp/hard/crtbegin.o
 *(.init)
 .init          0x08009f4c        0x4 D:/Users/mehme/ST/STM32CubeIDE_2.1.1/STM32CubeIDE/plugins/com.st.stm32cube.ide.mcu.externaltools.gnu-tools-for-stm32.14.3.rel1.win32_1.0.100.202602081740/tools/bin/../lib/gcc/arm-none-eabi/14.3.1/thumb/v7e-m+fp/hard/crti.o
                0x08009f4c                _init
 .init          0x08009f50        0x8 D:/Users/mehme/ST/STM32CubeIDE_2.1.1/STM32CubeIDE/plugins/com.st.stm32cube.ide.mcu.externaltools.gnu-tools-for-stm32.14.3.rel1.win32_1.0.100.202602081740/tools/bin/../lib/gcc/arm-none-eabi/14.3.1/thumb/v7e-m+fp/hard/crtn.o
 *(.fini)
 .fini          0x08009f58        0x4 D:/Users/mehme/ST/STM32CubeIDE_2.1.1/STM32CubeIDE/plugins/com.st.stm32cube.ide.mcu.externaltools.gnu-tools-for-stm32.14.3.rel1.win32_1.0.100.202602081740/tools/bin/../lib/gcc/arm-none-eabi/14.3.1/thumb/v7e-m+fp/hard/crti.o
                0x08009f58                _fini
 .fini          0x08009f5c        0x8 D:/Users/mehme/ST/STM32CubeIDE_2.1.1/STM32CubeIDE/plugins/com.st.stm32cube.ide.mcu.externaltools.gnu-tools-for-stm32.14.3.rel1.win32_1.0.100.202602081740/tools/bin/../lib/gcc/arm-none-eabi/14.3.1/thumb/v7e-m+fp/hard/crtn.o
                0x08009f64                        . = ALIGN (0x4)
                0x08009f64                        _etext = .

.vfp11_veneer   0x08009f64        0x0
 .vfp11_veneer  0x08009f64        0x0 linker stubs

.v4_bx          0x08009f64        0x0
 .v4_bx         0x08009f64        0x0 linker stubs

.iplt           0x08009f64        0x0
 .iplt          0x08009f64        0x0 D:/Users/mehme/ST/STM32CubeIDE_2.1.1/STM32CubeIDE/plugins/com.st.stm32cube.ide.mcu.externaltools.gnu-tools-for-stm32.14.3.rel1.win32_1.0.100.202602081740/tools/bin/../lib/gcc/arm-none-eabi/14.3.1/thumb/v7e-m+fp/hard/crtbegin.o

.rodata         0x08009f64       0xe8
                0x08009f64                        . = ALIGN (0x4)
 *(.rodata)
 .rodata        0x08009f64       0x1e ./Core/Src/main.o
 *fill*         0x08009f82        0x2 
 .rodata        0x08009f84        0x5 ./Middlewares/Third_Party/FreeRTOS/Source/tasks.o
 *fill*         0x08009f89        0x3 
 .rodata        0x08009f8c        0xd ./Middlewares/Third_Party/FreeRTOS/Source/timers.o
 *(.rodata*)
 *fill*         0x08009f99        0x3 
 .rodata.defaultTask_attributes
                0x08009f9c       0x24 ./Core/Src/main.o
                0x08009f9c                defaultTask_attributes
 .rodata.jawTask_attributes
                0x08009fc0       0x24 ./Core/Src/main.o
                0x08009fc0                jawTask_attributes
 .rodata.wristTask_attributes
                0x08009fe4       0x24 ./Core/Src/main.o
                0x08009fe4                wristTask_attributes
 .rodata.AHBPrescTable
                0x0800a008       0x10 ./Core/Src/system_stm32g4xx.o
                0x0800a008                AHBPrescTable
 .rodata.APBPrescTable
                0x0800a018        0x8 ./Core/Src/system_stm32g4xx.o
                0x0800a018                APBPrescTable
 .rodata.BUTTON_EXTI_LINE.2
                0x0800a020        0x4 ./Drivers/BSP/STM32G4xx_Nucleo/stm32g4xx_nucleo.o
 .rodata.UARTPrescTable
                0x0800a024       0x18 ./Drivers/STM32G4xx_HAL_Driver/Src/stm32g4xx_hal_uart.o
                0x0800a024                UARTPrescTable
 .rodata.numerator.1
                0x0800a03c        0x8 ./Drivers/STM32G4xx_HAL_Driver/Src/stm32g4xx_hal_uart_ex.o
 .rodata.denominator.0
                0x0800a044        0x8 ./Drivers/STM32G4xx_HAL_Driver/Src/stm32g4xx_hal_uart_ex.o
                0x0800a04c                        . = ALIGN (0x4)

.ARM.extab      0x0800a04c        0x0
                0x0800a04c                        . = ALIGN (0x4)
 *(.ARM.extab* .gnu.linkonce.armextab.*)
                0x0800a04c                        . = ALIGN (0x4)

.ARM            0x0800a04c        0x8
                0x0800a04c                        . = ALIGN (0x4)
                0x0800a04c                        __exidx_start = .
 *(.ARM.exidx*)
 .ARM.exidx     0x0800a04c        0x8 D:/Users/mehme/ST/STM32CubeIDE_2.1.1/STM32CubeIDE/plugins/com.st.stm32cube.ide.mcu.externaltools.gnu-tools-for-stm32.14.3.rel1.win32_1.0.100.202602081740/tools/bin/../lib/gcc/arm-none-eabi/14.3.1/thumb/v7e-m+fp/hard\libgcc.a(_udivmoddi4.o)
                0x0800a054                        __exidx_end = .
                0x0800a054                        . = ALIGN (0x4)

.preinit_array  0x0800a054        0x0
                0x0800a054                        . = ALIGN (0x4)
                0x0800a054                        PROVIDE (__preinit_array_start = .)
 *(.preinit_array*)
                0x0800a054                        PROVIDE (__preinit_array_end = .)
                0x0800a054                        . = ALIGN (0x4)

.init_array     0x0800a054        0x4
                0x0800a054                        . = ALIGN (0x4)
                0x0800a054                        PROVIDE (__init_array_start = .)
 *(SORT_BY_NAME(.init_array.*))
 *(.init_array*)
 .init_array    0x0800a054        0x4 D:/Users/mehme/ST/STM32CubeIDE_2.1.1/STM32CubeIDE/plugins/com.st.stm32cube.ide.mcu.externaltools.gnu-tools-for-stm32.14.3.rel1.win32_1.0.100.202602081740/tools/bin/../lib/gcc/arm-none-eabi/14.3.1/thumb/v7e-m+fp/hard/crtbegin.o
                0x0800a058                        PROVIDE (__init_array_end = .)
                0x0800a058                        . = ALIGN (0x4)

.fini_array     0x0800a058        0x4
                0x0800a058                        . = ALIGN (0x4)
                [!provide]                        PROVIDE (__fini_array_start = .)
 *(SORT_BY_NAME(.fini_array.*))
 *(.fini_array*)
 .fini_array    0x0800a058        0x4 D:/Users/mehme/ST/STM32CubeIDE_2.1.1/STM32CubeIDE/plugins/com.st.stm32cube.ide.mcu.externaltools.gnu-tools-for-stm32.14.3.rel1.win32_1.0.100.202602081740/tools/bin/../lib/gcc/arm-none-eabi/14.3.1/thumb/v7e-m+fp/hard/crtbegin.o
                [!provide]                        PROVIDE (__fini_array_end = .)
                0x0800a05c                        . = ALIGN (0x4)
                0x0800a05c                        _sidata = LOADADDR (.data)

.rel.dyn        0x0800a05c        0x0
 .rel.iplt      0x0800a05c        0x0 D:/Users/mehme/ST/STM32CubeIDE_2.1.1/STM32CubeIDE/plugins/com.st.stm32cube.ide.mcu.externaltools.gnu-tools-for-stm32.14.3.rel1.win32_1.0.100.202602081740/tools/bin/../lib/gcc/arm-none-eabi/14.3.1/thumb/v7e-m+fp/hard/crtbegin.o

.data           0x20000000       0x28 load address 0x0800a05c
                0x20000000                        . = ALIGN (0x4)
                0x20000000                        _sdata = .
 *(.data)
 *(.data*)
 .data.tx_packet
                0x20000000        0x4 ./Core/Src/main.o
 .data.SystemCoreClock
                0x20000004        0x4 ./Core/Src/system_stm32g4xx.o
                0x20000004                SystemCoreClock
 .data.LED_PORT
                0x20000008        0x4 ./Drivers/BSP/STM32G4xx_Nucleo/stm32g4xx_nucleo.o
 .data.BUTTON_PORT
                0x2000000c        0x4 ./Drivers/BSP/STM32G4xx_Nucleo/stm32g4xx_nucleo.o
 .data.COM_USART
                0x20000010        0x4 ./Drivers/BSP/STM32G4xx_Nucleo/stm32g4xx_nucleo.o
 .data.ButtonCallback.1
                0x20000014        0x4 ./Drivers/BSP/STM32G4xx_Nucleo/stm32g4xx_nucleo.o
 .data.BSP_BUTTON_PRIO.0
                0x20000018        0x4 ./Drivers/BSP/STM32G4xx_Nucleo/stm32g4xx_nucleo.o
 .data.uwTickPrio
                0x2000001c        0x4 ./Drivers/STM32G4xx_HAL_Driver/Src/stm32g4xx_hal.o
                0x2000001c                uwTickPrio
 .data.uwTickFreq
                0x20000020        0x4 ./Drivers/STM32G4xx_HAL_Driver/Src/stm32g4xx_hal.o
                0x20000020                uwTickFreq
 .data.uxCriticalNesting
                0x20000024        0x4 ./Middlewares/Third_Party/FreeRTOS/Source/portable/GCC/ARM_CM4F/port.o
 *(.RamFunc)
 *(.RamFunc*)
                0x20000028                        . = ALIGN (0x4)
                0x20000028                        _edata = .

.igot.plt       0x20000028        0x0 load address 0x0800a084
 .igot.plt      0x20000028        0x0 D:/Users/mehme/ST/STM32CubeIDE_2.1.1/STM32CubeIDE/plugins/com.st.stm32cube.ide.mcu.externaltools.gnu-tools-for-stm32.14.3.rel1.win32_1.0.100.202602081740/tools/bin/../lib/gcc/arm-none-eabi/14.3.1/thumb/v7e-m+fp/hard/crtbegin.o
                0x20000028                        . = ALIGN (0x4)

.bss            0x20000028     0x3140 load address 0x0800a084
                0x20000028                        _sbss = .
                0x20000028                        __bss_start__ = _sbss
 *(.bss)
 .bss           0x20000028       0x1c D:/Users/mehme/ST/STM32CubeIDE_2.1.1/STM32CubeIDE/plugins/com.st.stm32cube.ide.mcu.externaltools.gnu-tools-for-stm32.14.3.rel1.win32_1.0.100.202602081740/tools/bin/../lib/gcc/arm-none-eabi/14.3.1/thumb/v7e-m+fp/hard/crtbegin.o
 *(.bss*)
 .bss.BspCOMInit
                0x20000044       0x10 ./Core/Src/main.o
                0x20000044                BspCOMInit
 .bss.hi2c2     0x20000054       0x54 ./Core/Src/main.o
                0x20000054                hi2c2
 .bss.htim1     0x200000a8       0x4c ./Core/Src/main.o
                0x200000a8                htim1
 .bss.htim2     0x200000f4       0x4c ./Core/Src/main.o
                0x200000f4                htim2
 .bss.htim3     0x20000140       0x4c ./Core/Src/main.o
                0x20000140                htim3
 .bss.htim4     0x2000018c       0x4c ./Core/Src/main.o
                0x2000018c                htim4
 .bss.htim15    0x200001d8       0x4c ./Core/Src/main.o
                0x200001d8                htim15
 .bss.htim16    0x20000224       0x4c ./Core/Src/main.o
                0x20000224                htim16
 .bss.huart1    0x20000270       0x94 ./Core/Src/main.o
                0x20000270                huart1
 .bss.defaultTaskHandle
                0x20000304        0x4 ./Core/Src/main.o
                0x20000304                defaultTaskHandle
 .bss.rx_byte   0x20000308        0x1 ./Core/Src/main.o
 .bss.esp_pred_ch1
                0x20000309        0x1 ./Core/Src/main.o
                0x20000309                esp_pred_ch1
 .bss.esp_pred_ch2
                0x2000030a        0x1 ./Core/Src/main.o
                0x2000030a                esp_pred_ch2
 *fill*         0x2000030b        0x1 
 .bss.jawQueueHandle
                0x2000030c        0x4 ./Core/Src/main.o
                0x2000030c                jawQueueHandle
 .bss.wristQueueHandle
                0x20000310        0x4 ./Core/Src/main.o
                0x20000310                wristQueueHandle
 .bss.ch1_active
                0x20000314        0x1 ./Core/Src/main.o
                0x20000314                ch1_active
 .bss.ch2_active
                0x20000315        0x1 ./Core/Src/main.o
                0x20000315                ch2_active
 *fill*         0x20000316        0x2 
 .bss.jawTaskHandle
                0x20000318        0x4 ./Core/Src/main.o
                0x20000318                jawTaskHandle
 .bss.wristTaskHandle
                0x2000031c        0x4 ./Core/Src/main.o
                0x2000031c                wristTaskHandle
 .bss.rx_byte_count
                0x20000320        0x4 ./Core/Src/main.o
                0x20000320                rx_byte_count
 .bss.rx_frame_count
                0x20000324        0x4 ./Core/Src/main.o
                0x20000324                rx_frame_count
 .bss.last_rx_byte
                0x20000328        0x1 ./Core/Src/main.o
                0x20000328                last_rx_byte
 .bss.rx_state  0x20000329        0x1 ./Core/Src/main.o
 *fill*         0x2000032a        0x2 
 .bss.htim6     0x2000032c       0x4c ./Core/Src/stm32g4xx_hal_timebase_tim.o
                0x2000032c                htim6
 .bss.hpb_exti  0x20000378        0x8 ./Drivers/BSP/STM32G4xx_Nucleo/stm32g4xx_nucleo.o
                0x20000378                hpb_exti
 .bss.hcom_uart
                0x20000380       0x94 ./Drivers/BSP/STM32G4xx_Nucleo/stm32g4xx_nucleo.o
                0x20000380                hcom_uart
 .bss.uwTick    0x20000414        0x4 ./Drivers/STM32G4xx_HAL_Driver/Src/stm32g4xx_hal.o
                0x20000414                uwTick
 .bss.KernelState
                0x20000418        0x4 ./Middlewares/Third_Party/FreeRTOS/Source/CMSIS_RTOS_V2/cmsis_os2.o
 .bss.Idle_TCB.3
                0x2000041c       0x5c ./Middlewares/Third_Party/FreeRTOS/Source/CMSIS_RTOS_V2/cmsis_os2.o
 .bss.Idle_Stack.2
                0x20000478      0x200 ./Middlewares/Third_Party/FreeRTOS/Source/CMSIS_RTOS_V2/cmsis_os2.o
 .bss.Timer_TCB.1
                0x20000678       0x5c ./Middlewares/Third_Party/FreeRTOS/Source/CMSIS_RTOS_V2/cmsis_os2.o
 .bss.Timer_Stack.0
                0x200006d4      0x400 ./Middlewares/Third_Party/FreeRTOS/Source/CMSIS_RTOS_V2/cmsis_os2.o
 .bss.xQueueRegistry
                0x20000ad4       0x40 ./Middlewares/Third_Party/FreeRTOS/Source/queue.o
                0x20000ad4                xQueueRegistry
 .bss.pxCurrentTCB
                0x20000b14        0x4 ./Middlewares/Third_Party/FreeRTOS/Source/tasks.o
                0x20000b14                pxCurrentTCB
 .bss.pxReadyTasksLists
                0x20000b18      0x460 ./Middlewares/Third_Party/FreeRTOS/Source/tasks.o
 .bss.xDelayedTaskList1
                0x20000f78       0x14 ./Middlewares/Third_Party/FreeRTOS/Source/tasks.o
 .bss.xDelayedTaskList2
                0x20000f8c       0x14 ./Middlewares/Third_Party/FreeRTOS/Source/tasks.o
 .bss.pxDelayedTaskList
                0x20000fa0        0x4 ./Middlewares/Third_Party/FreeRTOS/Source/tasks.o
 .bss.pxOverflowDelayedTaskList
                0x20000fa4        0x4 ./Middlewares/Third_Party/FreeRTOS/Source/tasks.o
 .bss.xPendingReadyList
                0x20000fa8       0x14 ./Middlewares/Third_Party/FreeRTOS/Source/tasks.o
 .bss.xTasksWaitingTermination
                0x20000fbc       0x14 ./Middlewares/Third_Party/FreeRTOS/Source/tasks.o
 .bss.uxDeletedTasksWaitingCleanUp
                0x20000fd0        0x4 ./Middlewares/Third_Party/FreeRTOS/Source/tasks.o
 .bss.xSuspendedTaskList
                0x20000fd4       0x14 ./Middlewares/Third_Party/FreeRTOS/Source/tasks.o
 .bss.uxCurrentNumberOfTasks
                0x20000fe8        0x4 ./Middlewares/Third_Party/FreeRTOS/Source/tasks.o
 .bss.xTickCount
                0x20000fec        0x4 ./Middlewares/Third_Party/FreeRTOS/Source/tasks.o
 .bss.uxTopReadyPriority
                0x20000ff0        0x4 ./Middlewares/Third_Party/FreeRTOS/Source/tasks.o
 .bss.xSchedulerRunning
                0x20000ff4        0x4 ./Middlewares/Third_Party/FreeRTOS/Source/tasks.o
 .bss.xPendedTicks
                0x20000ff8        0x4 ./Middlewares/Third_Party/FreeRTOS/Source/tasks.o
 .bss.xYieldPending
                0x20000ffc        0x4 ./Middlewares/Third_Party/FreeRTOS/Source/tasks.o
 .bss.xNumOfOverflows
                0x20001000        0x4 ./Middlewares/Third_Party/FreeRTOS/Source/tasks.o
 .bss.uxTaskNumber
                0x20001004        0x4 ./Middlewares/Third_Party/FreeRTOS/Source/tasks.o
 .bss.xNextTaskUnblockTime
                0x20001008        0x4 ./Middlewares/Third_Party/FreeRTOS/Source/tasks.o
 .bss.xIdleTaskHandle
                0x2000100c        0x4 ./Middlewares/Third_Party/FreeRTOS/Source/tasks.o
 .bss.uxSchedulerSuspended
                0x20001010        0x4 ./Middlewares/Third_Party/FreeRTOS/Source/tasks.o
 .bss.xActiveTimerList1
                0x20001014       0x14 ./Middlewares/Third_Party/FreeRTOS/Source/timers.o
 .bss.xActiveTimerList2
                0x20001028       0x14 ./Middlewares/Third_Party/FreeRTOS/Source/timers.o
 .bss.pxCurrentTimerList
                0x2000103c        0x4 ./Middlewares/Third_Party/FreeRTOS/Source/timers.o
 .bss.pxOverflowTimerList
                0x20001040        0x4 ./Middlewares/Third_Party/FreeRTOS/Source/timers.o
 .bss.xTimerQueue
                0x20001044        0x4 ./Middlewares/Third_Party/FreeRTOS/Source/timers.o
 .bss.xTimerTaskHandle
                0x20001048        0x4 ./Middlewares/Third_Party/FreeRTOS/Source/timers.o
 .bss.xLastTime.2
                0x2000104c        0x4 ./Middlewares/Third_Party/FreeRTOS/Source/timers.o
 .bss.ucStaticTimerQueueStorage.1
                0x20001050       0xa0 ./Middlewares/Third_Party/FreeRTOS/Source/timers.o
 .bss.xStaticTimerQueue.0
                0x200010f0       0x50 ./Middlewares/Third_Party/FreeRTOS/Source/timers.o
 .bss.ucMaxSysCallPriority
                0x20001140        0x1 ./Middlewares/Third_Party/FreeRTOS/Source/portable/GCC/ARM_CM4F/port.o
 *fill*         0x20001141        0x3 
 .bss.ulMaxPRIGROUPValue
                0x20001144        0x4 ./Middlewares/Third_Party/FreeRTOS/Source/portable/GCC/ARM_CM4F/port.o
 .bss.ucHeap    0x20001148     0x2000 ./Middlewares/Third_Party/FreeRTOS/Source/portable/MemMang/heap_4.o
 .bss.xStart    0x20003148        0x8 ./Middlewares/Third_Party/FreeRTOS/Source/portable/MemMang/heap_4.o
 .bss.pxEnd     0x20003150        0x4 ./Middlewares/Third_Party/FreeRTOS/Source/portable/MemMang/heap_4.o
 .bss.xFreeBytesRemaining
                0x20003154        0x4 ./Middlewares/Third_Party/FreeRTOS/Source/portable/MemMang/heap_4.o
 .bss.xMinimumEverFreeBytesRemaining
                0x20003158        0x4 ./Middlewares/Third_Party/FreeRTOS/Source/portable/MemMang/heap_4.o
 .bss.xNumberOfSuccessfulAllocations
                0x2000315c        0x4 ./Middlewares/Third_Party/FreeRTOS/Source/portable/MemMang/heap_4.o
 .bss.xNumberOfSuccessfulFrees
                0x20003160        0x4 ./Middlewares/Third_Party/FreeRTOS/Source/portable/MemMang/heap_4.o
 .bss.xBlockAllocatedBit
                0x20003164        0x4 ./Middlewares/Third_Party/FreeRTOS/Source/portable/MemMang/heap_4.o
 *(COMMON)
                0x20003168                        . = ALIGN (0x4)
                0x20003168                        _ebss = .
                0x20003168                        __bss_end__ = _ebss

._user_heap_stack
                0x20003168      0x600 load address 0x0800a084
                0x20003168                        . = ALIGN (0x8)
                [!provide]                        PROVIDE (end = .)
                0x20003168                        PROVIDE (_end = .)
                0x20003368                        . = (. + _Min_Heap_Size)
 *fill*         0x20003168      0x200 
                0x20003768                        . = (. + _Min_Stack_Size)
 *fill*         0x20003368      0x400 
                0x20003768                        . = ALIGN (0x8)

/DISCARD/
 libc.a(*)
 libm.a(*)
 libgcc.a(*)

.ARM.attributes
                0x00000000       0x30
 *(.ARM.attributes)
 .ARM.attributes
                0x00000000       0x22 D:/Users/mehme/ST/STM32CubeIDE_2.1.1/STM32CubeIDE/plugins/com.st.stm32cube.ide.mcu.externaltools.gnu-tools-for-stm32.14.3.rel1.win32_1.0.100.202602081740/tools/bin/../lib/gcc/arm-none-eabi/14.3.1/thumb/v7e-m+fp/hard/crti.o
 .ARM.attributes
                0x00000022       0x34 D:/Users/mehme/ST/STM32CubeIDE_2.1.1/STM32CubeIDE/plugins/com.st.stm32cube.ide.mcu.externaltools.gnu-tools-for-stm32.14.3.rel1.win32_1.0.100.202602081740/tools/bin/../lib/gcc/arm-none-eabi/14.3.1/thumb/v7e-m+fp/hard/crtbegin.o
 .ARM.attributes
                0x00000056       0x34 ./Core/Src/main.o
 .ARM.attributes
                0x0000008a       0x34 ./Core/Src/stm32g4xx_hal_msp.o
 .ARM.attributes
                0x000000be       0x34 ./Core/Src/stm32g4xx_hal_timebase_tim.o
 .ARM.attributes
                0x000000f2       0x34 ./Core/Src/stm32g4xx_it.o
 .ARM.attributes
                0x00000126       0x34 ./Core/Src/system_stm32g4xx.o
 .ARM.attributes
                0x0000015a       0x21 ./Core/Startup/startup_stm32g431rbtx.o
 .ARM.attributes
                0x0000017b       0x34 ./Drivers/BSP/STM32G4xx_Nucleo/stm32g4xx_nucleo.o
 .ARM.attributes
                0x000001af       0x34 ./Drivers/STM32G4xx_HAL_Driver/Src/stm32g4xx_hal.o
 .ARM.attributes
                0x000001e3       0x34 ./Drivers/STM32G4xx_HAL_Driver/Src/stm32g4xx_hal_cortex.o
 .ARM.attributes
                0x00000217       0x34 ./Drivers/STM32G4xx_HAL_Driver/Src/stm32g4xx_hal_dma.o
 .ARM.attributes
                0x0000024b       0x34 ./Drivers/STM32G4xx_HAL_Driver/Src/stm32g4xx_hal_exti.o
 .ARM.attributes
                0x0000027f       0x34 ./Drivers/STM32G4xx_HAL_Driver/Src/stm32g4xx_hal_gpio.o
 .ARM.attributes
                0x000002b3       0x34 ./Drivers/STM32G4xx_HAL_Driver/Src/stm32g4xx_hal_i2c.o
 .ARM.attributes
                0x000002e7       0x34 ./Drivers/STM32G4xx_HAL_Driver/Src/stm32g4xx_hal_i2c_ex.o
 .ARM.attributes
                0x0000031b       0x34 ./Drivers/STM32G4xx_HAL_Driver/Src/stm32g4xx_hal_pwr_ex.o
 .ARM.attributes
                0x0000034f       0x34 ./Drivers/STM32G4xx_HAL_Driver/Src/stm32g4xx_hal_rcc.o
 .ARM.attributes
                0x00000383       0x34 ./Drivers/STM32G4xx_HAL_Driver/Src/stm32g4xx_hal_rcc_ex.o
 .ARM.attributes
                0x000003b7       0x34 ./Drivers/STM32G4xx_HAL_Driver/Src/stm32g4xx_hal_tim.o
 .ARM.attributes
                0x000003eb       0x34 ./Drivers/STM32G4xx_HAL_Driver/Src/stm32g4xx_hal_tim_ex.o
 .ARM.attributes
                0x0000041f       0x34 ./Drivers/STM32G4xx_HAL_Driver/Src/stm32g4xx_hal_uart.o
 .ARM.attributes
                0x00000453       0x34 ./Drivers/STM32G4xx_HAL_Driver/Src/stm32g4xx_hal_uart_ex.o
 .ARM.attributes
                0x00000487       0x34 ./Middlewares/Third_Party/FreeRTOS/Source/CMSIS_RTOS_V2/cmsis_os2.o
 .ARM.attributes
                0x000004bb       0x34 ./Middlewares/Third_Party/FreeRTOS/Source/list.o
 .ARM.attributes
                0x000004ef       0x34 ./Middlewares/Third_Party/FreeRTOS/Source/queue.o
 .ARM.attributes
                0x00000523       0x34 ./Middlewares/Third_Party/FreeRTOS/Source/tasks.o
 .ARM.attributes
                0x00000557       0x34 ./Middlewares/Third_Party/FreeRTOS/Source/timers.o
 .ARM.attributes
                0x0000058b       0x34 ./Middlewares/Third_Party/FreeRTOS/Source/portable/GCC/ARM_CM4F/port.o
 .ARM.attributes
                0x000005bf       0x34 ./Middlewares/Third_Party/FreeRTOS/Source/portable/MemMang/heap_4.o
 .ARM.attributes
                0x000005f3       0x34 D:/Users/mehme/ST/STM32CubeIDE_2.1.1/STM32CubeIDE/plugins/com.st.stm32cube.ide.mcu.externaltools.gnu-tools-for-stm32.14.3.rel1.win32_1.0.100.202602081740/tools/bin/../lib/gcc/arm-none-eabi/14.3.1/../../../../arm-none-eabi/lib/thumb/v7e-m+fp/hard\libc_nano.a(libc_a-memset.o)
 .ARM.attributes
                0x00000627       0x34 D:/Users/mehme/ST/STM32CubeIDE_2.1.1/STM32CubeIDE/plugins/com.st.stm32cube.ide.mcu.externaltools.gnu-tools-for-stm32.14.3.rel1.win32_1.0.100.202602081740/tools/bin/../lib/gcc/arm-none-eabi/14.3.1/../../../../arm-none-eabi/lib/thumb/v7e-m+fp/hard\libc_nano.a(libc_a-init.o)
 .ARM.attributes
                0x0000065b       0x34 D:/Users/mehme/ST/STM32CubeIDE_2.1.1/STM32CubeIDE/plugins/com.st.stm32cube.ide.mcu.externaltools.gnu-tools-for-stm32.14.3.rel1.win32_1.0.100.202602081740/tools/bin/../lib/gcc/arm-none-eabi/14.3.1/../../../../arm-none-eabi/lib/thumb/v7e-m+fp/hard\libc_nano.a(libc_a-memcpy-stub.o)
 .ARM.attributes
                0x0000068f       0x22 D:/Users/mehme/ST/STM32CubeIDE_2.1.1/STM32CubeIDE/plugins/com.st.stm32cube.ide.mcu.externaltools.gnu-tools-for-stm32.14.3.rel1.win32_1.0.100.202602081740/tools/bin/../lib/gcc/arm-none-eabi/14.3.1/thumb/v7e-m+fp/hard\libgcc.a(_aeabi_uldivmod.o)
 .ARM.attributes
                0x000006b1       0x34 D:/Users/mehme/ST/STM32CubeIDE_2.1.1/STM32CubeIDE/plugins/com.st.stm32cube.ide.mcu.externaltools.gnu-tools-for-stm32.14.3.rel1.win32_1.0.100.202602081740/tools/bin/../lib/gcc/arm-none-eabi/14.3.1/thumb/v7e-m+fp/hard\libgcc.a(_udivmoddi4.o)
 .ARM.attributes
                0x000006e5       0x22 D:/Users/mehme/ST/STM32CubeIDE_2.1.1/STM32CubeIDE/plugins/com.st.stm32cube.ide.mcu.externaltools.gnu-tools-for-stm32.14.3.rel1.win32_1.0.100.202602081740/tools/bin/../lib/gcc/arm-none-eabi/14.3.1/thumb/v7e-m+fp/hard\libgcc.a(_dvmd_tls.o)
 .ARM.attributes
                0x00000707       0x22 D:/Users/mehme/ST/STM32CubeIDE_2.1.1/STM32CubeIDE/plugins/com.st.stm32cube.ide.mcu.externaltools.gnu-tools-for-stm32.14.3.rel1.win32_1.0.100.202602081740/tools/bin/../lib/gcc/arm-none-eabi/14.3.1/thumb/v7e-m+fp/hard/crtn.o
OUTPUT(stm.elf elf32-littlearm)
LOAD linker stubs
LOAD D:/Users/mehme/ST/STM32CubeIDE_2.1.1/STM32CubeIDE/plugins/com.st.stm32cube.ide.mcu.externaltools.gnu-tools-for-stm32.14.3.rel1.win32_1.0.100.202602081740/tools/bin/../lib/gcc/arm-none-eabi/14.3.1/../../../../arm-none-eabi/lib/thumb/v7e-m+fp/hard\libc.a
LOAD D:/Users/mehme/ST/STM32CubeIDE_2.1.1/STM32CubeIDE/plugins/com.st.stm32cube.ide.mcu.externaltools.gnu-tools-for-stm32.14.3.rel1.win32_1.0.100.202602081740/tools/bin/../lib/gcc/arm-none-eabi/14.3.1/../../../../arm-none-eabi/lib/thumb/v7e-m+fp/hard\libm.a
LOAD D:/Users/mehme/ST/STM32CubeIDE_2.1.1/STM32CubeIDE/plugins/com.st.stm32cube.ide.mcu.externaltools.gnu-tools-for-stm32.14.3.rel1.win32_1.0.100.202602081740/tools/bin/../lib/gcc/arm-none-eabi/14.3.1/thumb/v7e-m+fp/hard\libgcc.a

.debug_info     0x00000000    0x22930
 .debug_info    0x00000000     0x22b4 ./Core/Src/main.o
 .debug_info    0x000022b4     0x193b ./Core/Src/stm32g4xx_hal_msp.o
 .debug_info    0x00003bef      0xdbe ./Core/Src/stm32g4xx_hal_timebase_tim.o
 .debug_info    0x000049ad      0xc72 ./Core/Src/stm32g4xx_it.o
 .debug_info    0x0000561f      0x58e ./Core/Src/system_stm32g4xx.o
 .debug_info    0x00005bad       0x30 ./Core/Startup/startup_stm32g431rbtx.o
 .debug_info    0x00005bdd     0x16a8 ./Drivers/BSP/STM32G4xx_Nucleo/stm32g4xx_nucleo.o
 .debug_info    0x00007285      0xadb ./Drivers/STM32G4xx_HAL_Driver/Src/stm32g4xx_hal.o
 .debug_info    0x00007d60      0xd3f ./Drivers/STM32G4xx_HAL_Driver/Src/stm32g4xx_hal_cortex.o
 .debug_info    0x00008a9f      0x85f ./Drivers/STM32G4xx_HAL_Driver/Src/stm32g4xx_hal_dma.o
 .debug_info    0x000092fe      0x65f ./Drivers/STM32G4xx_HAL_Driver/Src/stm32g4xx_hal_exti.o
 .debug_info    0x0000995d      0x772 ./Drivers/STM32G4xx_HAL_Driver/Src/stm32g4xx_hal_gpio.o
 .debug_info    0x0000a0cf     0x21ea ./Drivers/STM32G4xx_HAL_Driver/Src/stm32g4xx_hal_i2c.o
 .debug_info    0x0000c2b9      0xad6 ./Drivers/STM32G4xx_HAL_Driver/Src/stm32g4xx_hal_i2c_ex.o
 .debug_info    0x0000cd8f      0x944 ./Drivers/STM32G4xx_HAL_Driver/Src/stm32g4xx_hal_pwr_ex.o
 .debug_info    0x0000d6d3      0xb9b ./Drivers/STM32G4xx_HAL_Driver/Src/stm32g4xx_hal_rcc.o
 .debug_info    0x0000e26e      0xc2d ./Drivers/STM32G4xx_HAL_Driver/Src/stm32g4xx_hal_rcc_ex.o
 .debug_info    0x0000ee9b     0x2c52 ./Drivers/STM32G4xx_HAL_Driver/Src/stm32g4xx_hal_tim.o
 .debug_info    0x00011aed     0x1d95 ./Drivers/STM32G4xx_HAL_Driver/Src/stm32g4xx_hal_tim_ex.o
 .debug_info    0x00013882     0x4854 ./Drivers/STM32G4xx_HAL_Driver/Src/stm32g4xx_hal_uart.o
 .debug_info    0x000180d6      0xfdc ./Drivers/STM32G4xx_HAL_Driver/Src/stm32g4xx_hal_uart_ex.o
 .debug_info    0x000190b2     0x3a2f ./Middlewares/Third_Party/FreeRTOS/Source/CMSIS_RTOS_V2/cmsis_os2.o
 .debug_info    0x0001cae1      0x2af ./Middlewares/Third_Party/FreeRTOS/Source/list.o
 .debug_info    0x0001cd90     0x1b79 ./Middlewares/Third_Party/FreeRTOS/Source/queue.o
 .debug_info    0x0001e909     0x21ec ./Middlewares/Third_Party/FreeRTOS/Source/tasks.o
 .debug_info    0x00020af5     0x1488 ./Middlewares/Third_Party/FreeRTOS/Source/timers.o
 .debug_info    0x00021f7d      0x4de ./Middlewares/Third_Party/FreeRTOS/Source/portable/GCC/ARM_CM4F/port.o
 .debug_info    0x0002245b      0x4d5 ./Middlewares/Third_Party/FreeRTOS/Source/portable/MemMang/heap_4.o

.debug_abbrev   0x00000000     0x44f9
 .debug_abbrev  0x00000000      0x388 ./Core/Src/main.o
 .debug_abbrev  0x00000388      0x29a ./Core/Src/stm32g4xx_hal_msp.o
 .debug_abbrev  0x00000622      0x223 ./Core/Src/stm32g4xx_hal_timebase_tim.o
 .debug_abbrev  0x00000845      0x1b7 ./Core/Src/stm32g4xx_it.o
 .debug_abbrev  0x000009fc      0x11a ./Core/Src/system_stm32g4xx.o
 .debug_abbrev  0x00000b16       0x24 ./Core/Startup/startup_stm32g431rbtx.o
 .debug_abbrev  0x00000b3a      0x2fb ./Drivers/BSP/STM32G4xx_Nucleo/stm32g4xx_nucleo.o
 .debug_abbrev  0x00000e35      0x271 ./Drivers/STM32G4xx_HAL_Driver/Src/stm32g4xx_hal.o
 .debug_abbrev  0x000010a6      0x31c ./Drivers/STM32G4xx_HAL_Driver/Src/stm32g4xx_hal_cortex.o
 .debug_abbrev  0x000013c2      0x1e2 ./Drivers/STM32G4xx_HAL_Driver/Src/stm32g4xx_hal_dma.o
 .debug_abbrev  0x000015a4      0x1b1 ./Drivers/STM32G4xx_HAL_Driver/Src/stm32g4xx_hal_exti.o
 .debug_abbrev  0x00001755      0x1d2 ./Drivers/STM32G4xx_HAL_Driver/Src/stm32g4xx_hal_gpio.o
 .debug_abbrev  0x00001927      0x25e ./Drivers/STM32G4xx_HAL_Driver/Src/stm32g4xx_hal_i2c.o
 .debug_abbrev  0x00001b85      0x1c0 ./Drivers/STM32G4xx_HAL_Driver/Src/stm32g4xx_hal_i2c_ex.o
 .debug_abbrev  0x00001d45      0x22c ./Drivers/STM32G4xx_HAL_Driver/Src/stm32g4xx_hal_pwr_ex.o
 .debug_abbrev  0x00001f71      0x2c9 ./Drivers/STM32G4xx_HAL_Driver/Src/stm32g4xx_hal_rcc.o
 .debug_abbrev  0x0000223a      0x261 ./Drivers/STM32G4xx_HAL_Driver/Src/stm32g4xx_hal_rcc_ex.o
 .debug_abbrev  0x0000249b      0x2a7 ./Drivers/STM32G4xx_HAL_Driver/Src/stm32g4xx_hal_tim.o
 .debug_abbrev  0x00002742      0x2c5 ./Drivers/STM32G4xx_HAL_Driver/Src/stm32g4xx_hal_tim_ex.o
 .debug_abbrev  0x00002a07      0x304 ./Drivers/STM32G4xx_HAL_Driver/Src/stm32g4xx_hal_uart.o
 .debug_abbrev  0x00002d0b      0x2d2 ./Drivers/STM32G4xx_HAL_Driver/Src/stm32g4xx_hal_uart_ex.o
 .debug_abbrev  0x00002fdd      0x520 ./Middlewares/Third_Party/FreeRTOS/Source/CMSIS_RTOS_V2/cmsis_os2.o
 .debug_abbrev  0x000034fd       0xf5 ./Middlewares/Third_Party/FreeRTOS/Source/list.o
 .debug_abbrev  0x000035f2      0x3b6 ./Middlewares/Third_Party/FreeRTOS/Source/queue.o
 .debug_abbrev  0x000039a8      0x386 ./Middlewares/Third_Party/FreeRTOS/Source/tasks.o
 .debug_abbrev  0x00003d2e      0x352 ./Middlewares/Third_Party/FreeRTOS/Source/timers.o
 .debug_abbrev  0x00004080      0x25c ./Middlewares/Third_Party/FreeRTOS/Source/portable/GCC/ARM_CM4F/port.o
 .debug_abbrev  0x000042dc      0x21d ./Middlewares/Third_Party/FreeRTOS/Source/portable/MemMang/heap_4.o

.debug_aranges  0x00000000     0x1d28
 .debug_aranges
                0x00000000       0xc8 ./Core/Src/main.o
 .debug_aranges
                0x000000c8       0x68 ./Core/Src/stm32g4xx_hal_msp.o
 .debug_aranges
                0x00000130       0x30 ./Core/Src/stm32g4xx_hal_timebase_tim.o
 .debug_aranges
                0x00000160       0x60 ./Core/Src/stm32g4xx_it.o
 .debug_aranges
                0x000001c0       0x28 ./Core/Src/system_stm32g4xx.o
 .debug_aranges
                0x000001e8       0x28 ./Core/Startup/startup_stm32g431rbtx.o
 .debug_aranges
                0x00000210       0xc8 ./Drivers/BSP/STM32G4xx_Nucleo/stm32g4xx_nucleo.o
 .debug_aranges
                0x000002d8      0x148 ./Drivers/STM32G4xx_HAL_Driver/Src/stm32g4xx_hal.o
 .debug_aranges
                0x00000420      0x128 ./Drivers/STM32G4xx_HAL_Driver/Src/stm32g4xx_hal_cortex.o
 .debug_aranges
                0x00000548       0x90 ./Drivers/STM32G4xx_HAL_Driver/Src/stm32g4xx_hal_dma.o
 .debug_aranges
                0x000005d8       0x60 ./Drivers/STM32G4xx_HAL_Driver/Src/stm32g4xx_hal_exti.o
 .debug_aranges
                0x00000638       0x58 ./Drivers/STM32G4xx_HAL_Driver/Src/stm32g4xx_hal_gpio.o
 .debug_aranges
                0x00000690      0x2a0 ./Drivers/STM32G4xx_HAL_Driver/Src/stm32g4xx_hal_i2c.o
 .debug_aranges
                0x00000930       0x48 ./Drivers/STM32G4xx_HAL_Driver/Src/stm32g4xx_hal_i2c_ex.o
 .debug_aranges
                0x00000978      0x140 ./Drivers/STM32G4xx_HAL_Driver/Src/stm32g4xx_hal_pwr_ex.o
 .debug_aranges
                0x00000ab8       0x98 ./Drivers/STM32G4xx_HAL_Driver/Src/stm32g4xx_hal_rcc.o
 .debug_aranges
                0x00000b50       0xb0 ./Drivers/STM32G4xx_HAL_Driver/Src/stm32g4xx_hal_rcc_ex.o
 .debug_aranges
                0x00000c00      0x3e0 ./Drivers/STM32G4xx_HAL_Driver/Src/stm32g4xx_hal_tim.o
 .debug_aranges
                0x00000fe0      0x240 ./Drivers/STM32G4xx_HAL_Driver/Src/stm32g4xx_hal_tim_ex.o
 .debug_aranges
                0x00001220      0x248 ./Drivers/STM32G4xx_HAL_Driver/Src/stm32g4xx_hal_uart.o
 .debug_aranges
                0x00001468       0xa8 ./Drivers/STM32G4xx_HAL_Driver/Src/stm32g4xx_hal_uart_ex.o
 .debug_aranges
                0x00001510      0x2b0 ./Middlewares/Third_Party/FreeRTOS/Source/CMSIS_RTOS_V2/cmsis_os2.o
 .debug_aranges
                0x000017c0       0x40 ./Middlewares/Third_Party/FreeRTOS/Source/list.o
 .debug_aranges
                0x00001800      0x158 ./Middlewares/Third_Party/FreeRTOS/Source/queue.o
 .debug_aranges
                0x00001958      0x208 ./Middlewares/Third_Party/FreeRTOS/Source/tasks.o
 .debug_aranges
                0x00001b60       0xf0 ./Middlewares/Third_Party/FreeRTOS/Source/timers.o
 .debug_aranges
                0x00001c50       0x80 ./Middlewares/Third_Party/FreeRTOS/Source/portable/GCC/ARM_CM4F/port.o
 .debug_aranges
                0x00001cd0       0x58 ./Middlewares/Third_Party/FreeRTOS/Source/portable/MemMang/heap_4.o

.debug_rnglists
                0x00000000     0x16cb
 .debug_rnglists
                0x00000000       0x9d ./Core/Src/main.o
 .debug_rnglists
                0x0000009d       0x4e ./Core/Src/stm32g4xx_hal_msp.o
 .debug_rnglists
                0x000000eb       0x20 ./Core/Src/stm32g4xx_hal_timebase_tim.o
 .debug_rnglists
                0x0000010b       0x43 ./Core/Src/stm32g4xx_it.o
 .debug_rnglists
                0x0000014e       0x1a ./Core/Src/system_stm32g4xx.o
 .debug_rnglists
                0x00000168       0x19 ./Core/Startup/startup_stm32g431rbtx.o
 .debug_rnglists
                0x00000181       0x93 ./Drivers/BSP/STM32G4xx_Nucleo/stm32g4xx_nucleo.o
 .debug_rnglists
                0x00000214       0xf1 ./Drivers/STM32G4xx_HAL_Driver/Src/stm32g4xx_hal.o
 .debug_rnglists
                0x00000305       0xda ./Drivers/STM32G4xx_HAL_Driver/Src/stm32g4xx_hal_cortex.o
 .debug_rnglists
                0x000003df       0x72 ./Drivers/STM32G4xx_HAL_Driver/Src/stm32g4xx_hal_dma.o
 .debug_rnglists
                0x00000451       0x46 ./Drivers/STM32G4xx_HAL_Driver/Src/stm32g4xx_hal_exti.o
 .debug_rnglists
                0x00000497       0x3f ./Drivers/STM32G4xx_HAL_Driver/Src/stm32g4xx_hal_gpio.o
 .debug_rnglists
                0x000004d6      0x228 ./Drivers/STM32G4xx_HAL_Driver/Src/stm32g4xx_hal_i2c.o
 .debug_rnglists
                0x000006fe       0x35 ./Drivers/STM32G4xx_HAL_Driver/Src/stm32g4xx_hal_i2c_ex.o
 .debug_rnglists
                0x00000733       0xf1 ./Drivers/STM32G4xx_HAL_Driver/Src/stm32g4xx_hal_pwr_ex.o
 .debug_rnglists
                0x00000824       0x74 ./Drivers/STM32G4xx_HAL_Driver/Src/stm32g4xx_hal_rcc.o
 .debug_rnglists
                0x00000898       0x87 ./Drivers/STM32G4xx_HAL_Driver/Src/stm32g4xx_hal_rcc_ex.o
 .debug_rnglists
                0x0000091f      0x32d ./Drivers/STM32G4xx_HAL_Driver/Src/stm32g4xx_hal_tim.o
 .debug_rnglists
                0x00000c4c      0x1cc ./Drivers/STM32G4xx_HAL_Driver/Src/stm32g4xx_hal_tim_ex.o
 .debug_rnglists
                0x00000e18      0x1f7 ./Drivers/STM32G4xx_HAL_Driver/Src/stm32g4xx_hal_uart.o
 .debug_rnglists
                0x0000100f       0x7f ./Drivers/STM32G4xx_HAL_Driver/Src/stm32g4xx_hal_uart_ex.o
 .debug_rnglists
                0x0000108e      0x212 ./Middlewares/Third_Party/FreeRTOS/Source/CMSIS_RTOS_V2/cmsis_os2.o
 .debug_rnglists
                0x000012a0       0x2b ./Middlewares/Third_Party/FreeRTOS/Source/list.o
 .debug_rnglists
                0x000012cb      0x109 ./Middlewares/Third_Party/FreeRTOS/Source/queue.o
 .debug_rnglists
                0x000013d4      0x1a0 ./Middlewares/Third_Party/FreeRTOS/Source/tasks.o
 .debug_rnglists
                0x00001574       0xb8 ./Middlewares/Third_Party/FreeRTOS/Source/timers.o
 .debug_rnglists
                0x0000162c       0x5d ./Middlewares/Third_Party/FreeRTOS/Source/portable/GCC/ARM_CM4F/port.o
 .debug_rnglists
                0x00001689       0x42 ./Middlewares/Third_Party/FreeRTOS/Source/portable/MemMang/heap_4.o

.debug_macro    0x00000000     0x4322
 .debug_macro   0x00000000      0x3af ./Core/Src/main.o
 .debug_macro   0x000003af      0x169 ./Core/Src/main.o
 .debug_macro   0x00000518       0x66 ./Core/Src/main.o
 .debug_macro   0x0000057e       0x74 ./Core/Src/main.o
 .debug_macro   0x000005f2       0xdd ./Core/Src/main.o
 .debug_macro   0x000006cf      0x2ef ./Core/Src/stm32g4xx_hal_msp.o
 .debug_macro   0x000009be      0x1e7 ./Core/Src/stm32g4xx_hal_timebase_tim.o
 .debug_macro   0x00000ba5      0x2f9 ./Core/Src/stm32g4xx_it.o
 .debug_macro   0x00000e9e      0x1e7 ./Core/Src/system_stm32g4xx.o
 .debug_macro   0x00001085      0x214 ./Drivers/BSP/STM32G4xx_Nucleo/stm32g4xx_nucleo.o
 .debug_macro   0x00001299       0x1c ./Drivers/BSP/STM32G4xx_Nucleo/stm32g4xx_nucleo.o
 .debug_macro   0x000012b5      0x235 ./Drivers/STM32G4xx_HAL_Driver/Src/stm32g4xx_hal.o
 .debug_macro   0x000014ea      0x1e7 ./Drivers/STM32G4xx_HAL_Driver/Src/stm32g4xx_hal_cortex.o
 .debug_macro   0x000016d1      0x1e7 ./Drivers/STM32G4xx_HAL_Driver/Src/stm32g4xx_hal_dma.o
 .debug_macro   0x000018b8      0x1f3 ./Drivers/STM32G4xx_HAL_Driver/Src/stm32g4xx_hal_exti.o
 .debug_macro   0x00001aab      0x1ee ./Drivers/STM32G4xx_HAL_Driver/Src/stm32g4xx_hal_gpio.o
 .debug_macro   0x00001c99      0x2b3 ./Drivers/STM32G4xx_HAL_Driver/Src/stm32g4xx_hal_i2c.o
 .debug_macro   0x00001f4c      0x1e7 ./Drivers/STM32G4xx_HAL_Driver/Src/stm32g4xx_hal_i2c_ex.o
 .debug_macro   0x00002133      0x211 ./Drivers/STM32G4xx_HAL_Driver/Src/stm32g4xx_hal_pwr_ex.o
 .debug_macro   0x00002344      0x229 ./Drivers/STM32G4xx_HAL_Driver/Src/stm32g4xx_hal_rcc.o
 .debug_macro   0x0000256d      0x211 ./Drivers/STM32G4xx_HAL_Driver/Src/stm32g4xx_hal_rcc_ex.o
 .debug_macro   0x0000277e      0x1ef ./Drivers/STM32G4xx_HAL_Driver/Src/stm32g4xx_hal_tim.o
 .debug_macro   0x0000296d      0x1ed ./Drivers/STM32G4xx_HAL_Driver/Src/stm32g4xx_hal_tim_ex.o
 .debug_macro   0x00002b5a      0x212 ./Drivers/STM32G4xx_HAL_Driver/Src/stm32g4xx_hal_uart.o
 .debug_macro   0x00002d6c      0x1f3 ./Drivers/STM32G4xx_HAL_Driver/Src/stm32g4xx_hal_uart_ex.o
 .debug_macro   0x00002f5f      0x3de ./Middlewares/Third_Party/FreeRTOS/Source/CMSIS_RTOS_V2/cmsis_os2.o
 .debug_macro   0x0000333d       0x10 ./Middlewares/Third_Party/FreeRTOS/Source/CMSIS_RTOS_V2/cmsis_os2.o
 .debug_macro   0x0000334d       0x20 ./Middlewares/Third_Party/FreeRTOS/Source/CMSIS_RTOS_V2/cmsis_os2.o
 .debug_macro   0x0000336d       0x10 ./Middlewares/Third_Party/FreeRTOS/Source/CMSIS_RTOS_V2/cmsis_os2.o
 .debug_macro   0x0000337d       0xf5 ./Middlewares/Third_Party/FreeRTOS/Source/CMSIS_RTOS_V2/cmsis_os2.o
 .debug_macro   0x00003472       0x91 ./Middlewares/Third_Party/FreeRTOS/Source/CMSIS_RTOS_V2/cmsis_os2.o
 .debug_macro   0x00003503       0x8d ./Middlewares/Third_Party/FreeRTOS/Source/CMSIS_RTOS_V2/cmsis_os2.o
 .debug_macro   0x00003590       0x9a ./Middlewares/Third_Party/FreeRTOS/Source/CMSIS_RTOS_V2/cmsis_os2.o
 .debug_macro   0x0000362a       0x22 ./Middlewares/Third_Party/FreeRTOS/Source/CMSIS_RTOS_V2/cmsis_os2.o
 .debug_macro   0x0000364c       0x56 ./Middlewares/Third_Party/FreeRTOS/Source/CMSIS_RTOS_V2/cmsis_os2.o
 .debug_macro   0x000036a2      0x187 ./Middlewares/Third_Party/FreeRTOS/Source/list.o
 .debug_macro   0x00003829      0x216 ./Middlewares/Third_Party/FreeRTOS/Source/queue.o
 .debug_macro   0x00003a3f       0x16 ./Middlewares/Third_Party/FreeRTOS/Source/queue.o
 .debug_macro   0x00003a55       0x87 ./Middlewares/Third_Party/FreeRTOS/Source/queue.o
 .debug_macro   0x00003adc      0x27f ./Middlewares/Third_Party/FreeRTOS/Source/tasks.o
 .debug_macro   0x00003d5b       0x10 ./Middlewares/Third_Party/FreeRTOS/Source/tasks.o
 .debug_macro   0x00003d6b      0x1dc ./Middlewares/Third_Party/FreeRTOS/Source/timers.o
 .debug_macro   0x00003f47       0x97 ./Middlewares/Third_Party/FreeRTOS/Source/timers.o
 .debug_macro   0x00003fde      0x196 ./Middlewares/Third_Party/FreeRTOS/Source/portable/GCC/ARM_CM4F/port.o
 .debug_macro   0x00004174      0x1ae ./Middlewares/Third_Party/FreeRTOS/Source/portable/MemMang/heap_4.o

.debug_line     0x00000000    0x21e38
 .debug_line    0x00000000     0x129d ./Core/Src/main.o
 .debug_line    0x0000129d      0xd08 ./Core/Src/stm32g4xx_hal_msp.o
 .debug_line    0x00001fa5      0x7ff ./Core/Src/stm32g4xx_hal_timebase_tim.o
 .debug_line    0x000027a4      0xb08 ./Core/Src/stm32g4xx_it.o
 .debug_line    0x000032ac      0x803 ./Core/Src/system_stm32g4xx.o
 .debug_line    0x00003aaf       0x7b ./Core/Startup/startup_stm32g431rbtx.o
 .debug_line    0x00003b2a      0xb31 ./Drivers/BSP/STM32G4xx_Nucleo/stm32g4xx_nucleo.o
 .debug_line    0x0000465b      0xbd2 ./Drivers/STM32G4xx_HAL_Driver/Src/stm32g4xx_hal.o
 .debug_line    0x0000522d      0xd34 ./Drivers/STM32G4xx_HAL_Driver/Src/stm32g4xx_hal_cortex.o
 .debug_line    0x00005f61      0xee4 ./Drivers/STM32G4xx_HAL_Driver/Src/stm32g4xx_hal_dma.o
 .debug_line    0x00006e45      0xb0f ./Drivers/STM32G4xx_HAL_Driver/Src/stm32g4xx_hal_exti.o
 .debug_line    0x00007954      0xbbb ./Drivers/STM32G4xx_HAL_Driver/Src/stm32g4xx_hal_gpio.o
 .debug_line    0x0000850f     0x3781 ./Drivers/STM32G4xx_HAL_Driver/Src/stm32g4xx_hal_i2c.o
 .debug_line    0x0000bc90      0x8fc ./Drivers/STM32G4xx_HAL_Driver/Src/stm32g4xx_hal_i2c_ex.o
 .debug_line    0x0000c58c      0xd2e ./Drivers/STM32G4xx_HAL_Driver/Src/stm32g4xx_hal_pwr_ex.o
 .debug_line    0x0000d2ba     0x1052 ./Drivers/STM32G4xx_HAL_Driver/Src/stm32g4xx_hal_rcc.o
 .debug_line    0x0000e30c     0x117f ./Drivers/STM32G4xx_HAL_Driver/Src/stm32g4xx_hal_rcc_ex.o
 .debug_line    0x0000f48b     0x3fca ./Drivers/STM32G4xx_HAL_Driver/Src/stm32g4xx_hal_tim.o
 .debug_line    0x00013455     0x2016 ./Drivers/STM32G4xx_HAL_Driver/Src/stm32g4xx_hal_tim_ex.o
 .debug_line    0x0001546b     0x3608 ./Drivers/STM32G4xx_HAL_Driver/Src/stm32g4xx_hal_uart.o
 .debug_line    0x00018a73      0xd04 ./Drivers/STM32G4xx_HAL_Driver/Src/stm32g4xx_hal_uart_ex.o
 .debug_line    0x00019777     0x2668 ./Middlewares/Third_Party/FreeRTOS/Source/CMSIS_RTOS_V2/cmsis_os2.o
 .debug_line    0x0001bddf      0x88b ./Middlewares/Third_Party/FreeRTOS/Source/list.o
 .debug_line    0x0001c66a     0x181f ./Middlewares/Third_Party/FreeRTOS/Source/queue.o
 .debug_line    0x0001de89     0x1e02 ./Middlewares/Third_Party/FreeRTOS/Source/tasks.o
 .debug_line    0x0001fc8b      0xef9 ./Middlewares/Third_Party/FreeRTOS/Source/timers.o
 .debug_line    0x00020b84      0x812 ./Middlewares/Third_Party/FreeRTOS/Source/portable/GCC/ARM_CM4F/port.o
 .debug_line    0x00021396      0xaa2 ./Middlewares/Third_Party/FreeRTOS/Source/portable/MemMang/heap_4.o

.debug_str      0x00000000    0xd46e2
 .debug_str     0x00000000    0xd46e2 ./Core/Src/main.o
                              0xc96c0 (size before relaxing)
 .debug_str     0x000d46e2    0xc456c ./Core/Src/stm32g4xx_hal_msp.o
 .debug_str     0x000d46e2    0xbfdfb ./Core/Src/stm32g4xx_hal_timebase_tim.o
 .debug_str     0x000d46e2    0xc3ac3 ./Core/Src/stm32g4xx_it.o
 .debug_str     0x000d46e2    0xbf2ca ./Core/Src/system_stm32g4xx.o
 .debug_str     0x000d46e2       0x70 ./Core/Startup/startup_stm32g431rbtx.o
 .debug_str     0x000d46e2    0xc09d9 ./Drivers/BSP/STM32G4xx_Nucleo/stm32g4xx_nucleo.o
 .debug_str     0x000d46e2    0xbfe09 ./Drivers/STM32G4xx_HAL_Driver/Src/stm32g4xx_hal.o
 .debug_str     0x000d46e2    0xbfac5 ./Drivers/STM32G4xx_HAL_Driver/Src/stm32g4xx_hal_cortex.o
 .debug_str     0x000d46e2    0xbf6a4 ./Drivers/STM32G4xx_HAL_Driver/Src/stm32g4xx_hal_dma.o
 .debug_str     0x000d46e2    0xbf364 ./Drivers/STM32G4xx_HAL_Driver/Src/stm32g4xx_hal_exti.o
 .debug_str     0x000d46e2    0xbf455 ./Drivers/STM32G4xx_HAL_Driver/Src/stm32g4xx_hal_gpio.o
 .debug_str     0x000d46e2    0xc05d4 ./Drivers/STM32G4xx_HAL_Driver/Src/stm32g4xx_hal_i2c.o
 .debug_str     0x000d46e2    0xbf8e9 ./Drivers/STM32G4xx_HAL_Driver/Src/stm32g4xx_hal_i2c_ex.o
 .debug_str     0x000d46e2    0xbf7b8 ./Drivers/STM32G4xx_HAL_Driver/Src/stm32g4xx_hal_pwr_ex.o
 .debug_str     0x000d46e2    0xbf9c3 ./Drivers/STM32G4xx_HAL_Driver/Src/stm32g4xx_hal_rcc.o
 .debug_str     0x000d46e2    0xbf9c4 ./Drivers/STM32G4xx_HAL_Driver/Src/stm32g4xx_hal_rcc_ex.o
 .debug_str     0x000d46e2    0xc07c8 ./Drivers/STM32G4xx_HAL_Driver/Src/stm32g4xx_hal_tim.o
 .debug_str     0x000d46e2    0xc043c ./Drivers/STM32G4xx_HAL_Driver/Src/stm32g4xx_hal_tim_ex.o
 .debug_str     0x000d46e2    0xc0285 ./Drivers/STM32G4xx_HAL_Driver/Src/stm32g4xx_hal_uart.o